Component: ARM Compiler 5.06 update 1 (build 61) Tool: armlink [4d35a8]

==============================================================================

Section Cross References

    main.o(.text) refers to _printf_percent.o(.ARM.Collect$$_printf_percent$$00000000) for _printf_percent
    main.o(.text) refers to _printf_d.o(.ARM.Collect$$_printf_percent$$00000009) for _printf_d
    main.o(.text) refers to _printf_dec.o(.text) for _printf_int_dec
    main.o(.text) refers to usart.o(.text) for uart_init
    main.o(.text) refers to noretval__2printf.o(.text) for __2printf
    main.o(.text) refers to delay.o(.text) for delay_init
    main.o(.text) refers to sys.o(.text) for NVIC_Configuration
    main.o(.text) refers to stm32f10x_gpio.o(.text) for GPIO_PinRemapConfig
    main.o(.text) refers to led.o(.text) for BEEP_init
    main.o(.text) refers to oled.o(.text) for OLED_Init
    main.o(.text) refers to mpu6050.o(.text) for MPU_Init
    main.o(.text) refers to ec11.o(.text) for EC11_Init
    main.o(.text) refers to exti.o(.text) for EXTIX_Init
    main.o(.text) refers to timer.o(.text) for TIM3_Int_Init
    main.o(.text) refers to bluetooth.o(.text) for uart3_init
    main.o(.text) refers to filter.o(.text) for filter_init
    main.o(.text) refers to noretval__2sprintf.o(.text) for __2sprintf
    main.o(.text) refers to faddsub_clz.o(x$fpl$fsub) for __aeabi_fsub
    main.o(.text) refers to faddsub_clz.o(x$fpl$fadd) for __aeabi_fadd
    main.o(.text) refers to filter.o(.bss) for angle_kfp
    main.o(.text) refers to pid.o(.bss) for motor_Loc_PID
    main.o(.text) refers to exti.o(.data) for exti_dat_R
    main.o(.text) refers to main.o(.data) for setting
    main.o(.text) refers to timer.o(.data) for mid_angle
    main.o(.text) refers to pid.o(.data) for xianfu
    system_stm32f10x.o(.text) refers to system_stm32f10x.o(.data) for SystemCoreClock
    oled.o(.text) refers to stm32f10x_gpio.o(.text) for GPIO_SetBits
    oled.o(.text) refers to stm32f10x_rcc.o(.text) for RCC_APB2PeriphClockCmd
    oled.o(.text) refers to delay.o(.text) for delay_ms
    oled.o(.text) refers to oled.o(.constdata) for F6x8
    oled.o(.text) refers to oled.o(.data) for Hzk
    mpuiic.o(.text) refers to delay.o(.text) for delay_us
    mpuiic.o(.text) refers to stm32f10x_rcc.o(.text) for RCC_APB2PeriphClockCmd
    mpuiic.o(.text) refers to stm32f10x_gpio.o(.text) for GPIO_Init
    mpu6050.o(.text) refers to _printf_percent.o(.ARM.Collect$$_printf_percent$$00000000) for _printf_percent
    mpu6050.o(.text) refers to _printf_d.o(.ARM.Collect$$_printf_percent$$00000009) for _printf_d
    mpu6050.o(.text) refers to _printf_dec.o(.text) for _printf_int_dec
    mpu6050.o(.text) refers to mpuiic.o(.text) for MPU_IIC_Start
    mpu6050.o(.text) refers to delay.o(.text) for delay_ms
    mpu6050.o(.text) refers to noretval__2printf.o(.text) for __2printf
    mpu6050.o(.text) refers to dflt_clz.o(x$fpl$dflt) for __aeabi_i2d
    mpu6050.o(.text) refers to ddiv.o(x$fpl$ddiv) for __aeabi_ddiv
    mpu6050.o(.text) refers to daddsub_clz.o(x$fpl$dadd) for __aeabi_dadd
    mpu6050.o(.text) refers to d2f.o(x$fpl$d2f) for __aeabi_d2f
    mpu6050.o(.text) refers to fmul.o(x$fpl$fmul) for __aeabi_fmul
    mpu6050.o(.text) refers to ffix.o(x$fpl$ffix) for __aeabi_f2iz
    inv_mpu.o(.text) refers to _printf_pad.o(.text) for _printf_pre_padding
    inv_mpu.o(.text) refers to _printf_percent.o(.ARM.Collect$$_printf_percent$$00000000) for _printf_percent
    inv_mpu.o(.text) refers to _printf_x.o(.ARM.Collect$$_printf_percent$$0000000C) for _printf_x
    inv_mpu.o(.text) refers to _printf_hex_int.o(.text) for _printf_longlong_hex
    inv_mpu.o(.text) refers to _printf_d.o(.ARM.Collect$$_printf_percent$$00000009) for _printf_d
    inv_mpu.o(.text) refers to _printf_dec.o(.text) for _printf_int_dec
    inv_mpu.o(.text) refers to mpu6050.o(.text) for MPU_Write_Len
    inv_mpu.o(.text) refers to noretval__2printf.o(.text) for __2printf
    inv_mpu.o(.text) refers to delay.o(.text) for delay_ms
    inv_mpu.o(.text) refers to inv_mpu.o(.data) for st
    inv_mpu.o(.text) refers to fflt_clz.o(x$fpl$ffltu) for __aeabi_ui2f
    inv_mpu.o(.text) refers to fflt_clz.o(x$fpl$fflt) for __aeabi_i2f
    inv_mpu.o(.text) refers to faddsub_clz.o(x$fpl$fsub) for __aeabi_fsub
    inv_mpu.o(.text) refers to fdiv.o(x$fpl$fdiv) for __aeabi_fdiv
    inv_mpu.o(.text) refers to faddsub_clz.o(x$fpl$fadd) for __aeabi_fadd
    inv_mpu.o(.text) refers to fmul.o(x$fpl$fmul) for __aeabi_fmul
    inv_mpu.o(.text) refers to ffix.o(x$fpl$ffix) for __aeabi_f2iz
    inv_mpu.o(.text) refers to inv_mpu.o(.conststring) for .conststring
    inv_mpu.o(.text) refers to feqf.o(x$fpl$feqf) for __aeabi_cfcmpeq
    inv_mpu.o(.text) refers to frleqf.o(x$fpl$frleqf) for __aeabi_cfrcmple
    inv_mpu.o(.text) refers to fleqf.o(x$fpl$fleqf) for __aeabi_cfcmple
    inv_mpu.o(.text) refers to inv_mpu.o(.constdata) for test
[...]
    ..\STM32F10x_FWLib\src\stm32f10x_adc.c   0x00000000   Number         0  stm32f10x_adc.o ABSOLUTE
    ..\STM32F10x_FWLib\src\stm32f10x_bkp.c   0x00000000   Number         0  stm32f10x_bkp.o ABSOLUTE
    ..\STM32F10x_FWLib\src\stm32f10x_dbgmcu.c 0x00000000   Number         0  stm32f10x_dbgmcu.o ABSOLUTE
    ..\STM32F10x_FWLib\src\stm32f10x_dma.c   0x00000000   Number         0  stm32f10x_dma.o ABSOLUTE
    ..\STM32F10x_FWLib\src\stm32f10x_exti.c  0x00000000   Number         0  stm32f10x_exti.o ABSOLUTE
    ..\STM32F10x_FWLib\src\stm32f10x_flash.c 0x00000000   Number         0  stm32f10x_flash.o ABSOLUTE
    ..\STM32F10x_FWLib\src\stm32f10x_fsmc.c  0x00000000   Number         0  stm32f10x_fsmc.o ABSOLUTE
    ..\STM32F10x_FWLib\src\stm32f10x_gpio.c  0x00000000   Number         0  stm32f10x_gpio.o ABSOLUTE
    ..\STM32F10x_FWLib\src\stm32f10x_i2c.c   0x00000000   Number         0  stm32f10x_i2c.o ABSOLUTE
    ..\STM32F10x_FWLib\src\stm32f10x_pwr.c   0x00000000   Number         0  stm32f10x_pwr.o ABSOLUTE
    ..\STM32F10x_FWLib\src\stm32f10x_rcc.c   0x00000000   Number         0  stm32f10x_rcc.o ABSOLUTE
    ..\STM32F10x_FWLib\src\stm32f10x_rtc.c   0x00000000   Number         0  stm32f10x_rtc.o ABSOLUTE
    ..\STM32F10x_FWLib\src\stm32f10x_sdio.c  0x00000000   Number         0  stm32f10x_sdio.o ABSOLUTE
    ..\STM32F10x_FWLib\src\stm32f10x_spi.c   0x00000000   Number         0  stm32f10x_spi.o ABSOLUTE
    ..\STM32F10x_FWLib\src\stm32f10x_tim.c   0x00000000   Number         0  stm32f10x_tim.o ABSOLUTE
    ..\STM32F10x_FWLib\src\stm32f10x_usart.c 0x00000000   Number         0  stm32f10x_usart.o ABSOLUTE
    ..\SYSTEM\delay\delay.c                  0x00000000   Number         0  delay.o ABSOLUTE
    ..\SYSTEM\sys\sys.c                      0x00000000   Number         0  sys.o ABSOLUTE
    ..\SYSTEM\usart\usart.c                  0x00000000   Number         0  usart.o ABSOLUTE
    ..\\CORE\\core_cm3.c                     0x00000000   Number         0  core_cm3.o ABSOLUTE
    dc.s                                     0x00000000   Number         0  dc.o ABSOLUTE
    main.c                                   0x00000000   Number         0  main.o ABSOLUTE
    stm32f10x_it.c                           0x00000000   Number         0  stm32f10x_it.o ABSOLUTE
    system_stm32f10x.c                       0x00000000   Number         0  system_stm32f10x.o ABSOLUTE
    RESET                                    0x08000000   Section      304  startup_stm32f10x_hd.o(RESET)
    !!!main                                  0x08000130   Section        8  __main.o(!!!main)
    !!!scatter                               0x08000138   Section       52  __scatter.o(!!!scatter)
    !!dclz77c                                0x0800016c   Section      100  __dclz77c.o(!!dclz77c)
    !!handler_zi                             0x080001d0   Section       28  __scatter_zi.o(!!handler_zi)
    .ARM.Collect$$_printf_percent$$00000000  0x080001ec   Section        0  _printf_percent.o(.ARM.Collect$$_printf_percent$$00000000)
    .ARM.Collect$$_printf_percent$$00000009  0x080001ec   Section        6  _printf_d.o(.ARM.Collect$$_printf_percent$$00000009)
    .ARM.Collect$$_printf_percent$$00000017  0x080001f2   Section        4  _printf_percent_end.o(.ARM.Collect$$_printf_percent$$00000017)
    .ARM.Collect$$libinit$$00000000          0x080001f6   Section        2  libinit.o(.ARM.Collect$$libinit$$00000000)
    .ARM.Collect$$libinit$$00000002          0x080001f8   Section        0  libinit2.o(.ARM.Collect$$libinit$$00000002)
    .ARM.Collect$$libinit$$00000004          0x080001f8   Section        0  libinit2.o(.ARM.Collect$$libinit$$00000004)
    .ARM.Collect$$libinit$$0000000A          0x080001f8   Section        0  libinit2.o(.ARM.Collect$$libinit$$0000000A)
    .ARM.Collect$$libinit$$0000000C          0x080001f8   Section        0  libinit2.o(.ARM.Collect$$libinit$$0000000C)
    .ARM.Collect$$libinit$$0000000E          0x080001f8   Section        0  libinit2.o(.ARM.Collect$$libinit$$0000000E)
    .ARM.Collect$$libinit$$00000011          0x080001f8   Section        0  libinit2.o(.ARM.Collect$$libinit$$00000011)
    .ARM.Collect$$libinit$$00000013          0x080001f8   Section        0  libinit2.o(.ARM.Collect$$libinit$$00000013)
    .ARM.Collect$$libinit$$00000015          0x080001f8   Section        0  libinit2.o(.ARM.Collect$$libinit$$00000015)
    .ARM.Collect$$libinit$$00000017          0x080001f8   Section        0  libinit2.o(.ARM.Collect$$libinit$$00000017)
    .ARM.Collect$$libinit$$00000019          0x080001f8   Section        0  libinit2.o(.ARM.Collect$$libinit$$00000019)
    .ARM.Collect$$libinit$$0000001B          0x080001f8   Section        0  libinit2.o(.ARM.Collect$$libinit$$0000001B)
    .ARM.Collect$$libinit$$0000001D          0x080001f8   Section        0  libinit2.o(.ARM.Collect$$libinit$$0000001D)
    .ARM.Collect$$libinit$$0000001F          0x080001f8   Section        0  libinit2.o(.ARM.Collect$$libinit$$0000001F)
    .ARM.Collect$$libinit$$00000021          0x080001f8   Section        0  libinit2.o(.ARM.Collect$$libinit$$00000021)
    .ARM.Collect$$libinit$$00000023          0x080001f8   Section        0  libinit2.o(.ARM.Collect$$libinit$$00000023)
    .ARM.Collect$$libinit$$00000025          0x080001f8   Section        0  libinit2.o(.ARM.Collect$$libinit$$00000025)
    .ARM.Collect$$libinit$$0000002C          0x080001f8   Section        0  libinit2.o(.ARM.Collect$$libinit$$0000002C)
    .ARM.Collect$$libinit$$0000002E          0x080001f8   Section        0  libinit2.o(.ARM.Collect$$libinit$$0000002E)
    .ARM.Collect$$libinit$$00000030          0x080001f8   Section        0  libinit2.o(.ARM.Collect$$libinit$$00000030)
    .ARM.Collect$$libinit$$00000032          0x080001f8   Section        0  libinit2.o(.ARM.Collect$$libinit$$00000032)
    .ARM.Collect$$libinit$$00000033          0x080001f8   Section        2  libinit2.o(.ARM.Collect$$libinit$$00000033)
    .ARM.Collect$$libshutdown$$00000000      0x080001fa   Section        2  libshutdown.o(.ARM.Collect$$libshutdown$$00000000)
    .ARM.Collect$$libshutdown$$00000002      0x080001fc   Section        0  libshutdown2.o(.ARM.Collect$$libshutdown$$00000002)
    .ARM.Collect$$libshutdown$$00000004      0x080001fc   Section        0  libshutdown2.o(.ARM.Collect$$libshutdown$$00000004)
    .ARM.Collect$$libshutdown$$00000007      0x080001fc   Section        0  libshutdown2.o(.ARM.Collect$$libshutdown$$00000007)
    .ARM.Collect$$libshutdown$$0000000A      0x080001fc   Section        0  libshutdown2.o(.ARM.Collect$$libshutdown$$0000000A)
    .ARM.Collect$$libshutdown$$0000000C      0x080001fc   Section        0  libshutdown2.o(.ARM.Collect$$libshutdown$$0000000C)
    .ARM.Collect$$libshutdown$$0000000F      0x080001fc   Section        0  libshutdown2.o(.ARM.Collect$$libshutdown$$0000000F)
    .ARM.Collect$$libshutdown$$00000010      0x080001fc   Section        2  libshutdown2.o(.ARM.Collect$$libshutdown$$00000010)
    .ARM.Collect$$rtentry$$00000000          0x080001fe   Section        0  __rtentry.o(.ARM.Collect$$rtentry$$00000000)
    .ARM.Collect$$rtentry$$00000002          0x080001fe   Section        0  __rtentry2.o(.ARM.Collect$$rtentry$$00000002)
    .ARM.Collect$$rtentry$$00000004          0x080001fe   Section        6  __rtentry4.o(.ARM.Collect$$rtentry$$00000004)
    .ARM.Collect$$rtentry$$00000009          0x08000204   Section        0  __rtentry2.o(.ARM.Collect$$rtentry$$00000009)
    .ARM.Collect$$rtentry$$0000000A          0x08000204   Section        4  __rtentry2.o(.ARM.Collect$$rtentry$$0000000A)
    .ARM.Collect$$rtentry$$0000000C          0x08000208   Section        0  __rtentry2.o(.ARM.Collect$$rtentry$$0000000C)
    .ARM.Collect$$rtentry$$0000000D          0x08000208   Section        8  __rtentry2.o(.ARM.Collect$$rtentry$$0000000D)
    .ARM.Collect$$rtexit$$00000000           0x08000210   Section        2  rtexit.o(.ARM.Collect$$rtexit$$00000000)
    .ARM.Collect$$rtexit$$00000002           0x08000212   Section        0  rtexit2.o(.ARM.Collect$$rtexit$$00000002)
    .ARM.Collect$$rtexit$$00000003           0x08000212   Section        4  rtexit2.o(.ARM.Collect$$rtexit$$00000003)
    .ARM.Collect$$rtexit$$00000004           0x08000216   Section        6  rtexit2.o(.ARM.Collect$$rtexit$$00000004)
    .text                                    0x0800021c   Section        0  main.o(.text)
    .text                                    0x08000544   Section        0  stm32f10x_it.o(.text)
    .text                                    0x08000560   Section        0  system_stm32f10x.o(.text)
    SetSysClockTo72                          0x08000561   Thumb Code   214  system_stm32f10x.o(.text)
    SetSysClock                              0x08000637   Thumb Code     8  system_stm32f10x.o(.text)
    .text                                    0x08000740   Section        0  oled.o(.text)
    .text                                    0x08000bc8   Section        0  mpuiic.o(.text)
    .text                                    0x08000e34   Section        0  mpu6050.o(.text)
    .text                                    0x080011b0   Section        0  timer.o(.text)
    .text                                    0x0800148c   Section        0  filter.o(.text)
    .text                                    0x08001588   Section        0  led.o(.text)
    .text                                    0x080015e4   Section        0  bluetooth.o(.text)
    .text                                    0x080016e0   Section        0  hc_sr04.o(.text)
    OpenTimerForHc                           0x080017a7   Thumb Code    26  hc_sr04.o(.text)
    CloseTimerForHc                          0x080017c1   Thumb Code    12  hc_sr04.o(.text)
    .text                                    0x0800189c   Section        0  pid.o(.text)
    .text                                    0x08001958   Section        0  exti.o(.text)
    .text                                    0x08001a8c   Section        0  ec11.o(.text)
    .text                                    0x08001b80   Section        0  delay.o(.text)
    .text                                    0x08001c54   Section        0  sys.o(.text)
    .text                                    0x08001c60   Section        0  usart.o(.text)
    .text                                    0x08001da0   Section       64  startup_stm32f10x_hd.o(.text)
    .text                                    0x08001de0   Section        0  misc.o(.text)
    .text                                    0x08001ebc   Section        0  stm32f10x_gpio.o(.text)
    .text                                    0x08002218   Section        0  stm32f10x_rcc.o(.text)
    .text                                    0x080025bc   Section        0  stm32f10x_usart.o(.text)
    .text                                    0x080029c4   Section        0  stm32f10x_tim.o(.text)
    TI4_Config                               0x08002e6b   Thumb Code   130  stm32f10x_tim.o(.text)
    TI3_Config                               0x08002eff   Thumb Code   122  stm32f10x_tim.o(.text)
    TI2_Config                               0x08002f93   Thumb Code   130  stm32f10x_tim.o(.text)
    TI1_Config                               0x08003027   Thumb Code   108  stm32f10x_tim.o(.text)
    .text                                    0x080037e0   Section        0  stm32f10x_exti.o(.text)
    .text                                    0x080038fc   Section        2  use_no_semi_2.o(.text)
    .text                                    0x08003900   Section        0  noretval__2printf.o(.text)
    .text                                    0x08003918   Section        0  noretval__2sprintf.o(.text)
    .text                                    0x08003940   Section        0  _printf_dec.o(.text)
    .text                                    0x080039b8   Section        0  __printf_flags_wp.o(.text)
    .text                                    0x08003af0   Section        0  heapauxi.o(.text)
    .text                                    0x08003af6   Section        2  use_no_semi.o(.text)
    .text                                    0x08003af8   Section        0  _printf_intcommon.o(.text)
    .text                                    0x08003bac   Section        0  _printf_char_common.o(.text)
    _printf_input_char                       0x08003bad   Thumb Code    10  _printf_char_common.o(.text)
    .text                                    0x08003bdc   Section        0  _sputc.o(.text)
    .text                                    0x08003be8   Section        0  _printf_char_file.o(.text)
    .text                                    0x08003c0c   Section        0  ferror.o(.text)
    .text                                    0x08003c14   Section        8  libspace.o(.text)
    .text                                    0x08003c1c   Section       74  sys_stackheap_outer.o(.text)
    .text                                    0x08003c66   Section        0  exit.o(.text)
    i._is_digit                              0x08003c78   Section        0  __printf_wp.o(i._is_digit)
    x$fpl$d2f                                0x08003c88   Section       98  d2f.o(x$fpl$d2f)
    x$fpl$dadd                               0x08003cec   Section      336  daddsub_clz.o(x$fpl$dadd)
    _dadd1                                   0x08003cfd   Thumb Code     0  daddsub_clz.o(x$fpl$dadd)
    x$fpl$ddiv                               0x08003e3c   Section      688  ddiv.o(x$fpl$ddiv)
    ddiv_entry                               0x08003e43   Thumb Code     0  ddiv.o(x$fpl$ddiv)
    x$fpl$dflt                               0x080040ec   Section       46  dflt_clz.o(x$fpl$dflt)
    x$fpl$dnaninf                            0x0800411a   Section      156  dnaninf.o(x$fpl$dnaninf)
    x$fpl$dretinf                            0x080041b6   Section       12  dretinf.o(x$fpl$dretinf)
    x$fpl$dsub                               0x080041c4   Section      468  daddsub_clz.o(x$fpl$dsub)
    _dsub1                                   0x080041d5   Thumb Code     0  daddsub_clz.o(x$fpl$dsub)
    x$fpl$f2d                                0x08004398   Section       86  f2d.o(x$fpl$f2d)
    x$fpl$fadd                               0x080043f0   Section      196  faddsub_clz.o(x$fpl$fadd)
    _fadd1                                   0x080043ff   Thumb Code     0  faddsub_clz.o(x$fpl$fadd)
    x$fpl$fcmpinf                            0x080044b4   Section       24  fcmpi.o(x$fpl$fcmpinf)
    x$fpl$fdiv                               0x080044cc   Section      388  fdiv.o(x$fpl$fdiv)
    _fdiv1                                   0x080044cd   Thumb Code     0  fdiv.o(x$fpl$fdiv)
    x$fpl$ffix                               0x08004650   Section       54  ffix.o(x$fpl$ffix)
    x$fpl$fflt                               0x08004688   Section       48  fflt_clz.o(x$fpl$fflt)
    x$fpl$ffltu                              0x080046b8   Section       38  fflt_clz.o(x$fpl$ffltu)
    x$fpl$fleqf                              0x080046e0   Section      104  fleqf.o(x$fpl$fleqf)
    x$fpl$fmul                               0x08004748   Section      258  fmul.o(x$fpl$fmul)
    x$fpl$fnaninf                            0x0800484a   Section      140  fnaninf.o(x$fpl$fnaninf)
    x$fpl$fretinf                            0x080048d6   Section       10  fretinf.o(x$fpl$fretinf)
    x$fpl$frleqf                             0x080048e0   Section       98  frleqf.o(x$fpl$frleqf)
    x$fpl$fsub                               0x08004944   Section      234  faddsub_clz.o(x$fpl$fsub)
    _fsub1                                   0x08004953   Thumb Code     0  faddsub_clz.o(x$fpl$fsub)
    .constdata                               0x08004a2e   Section     2072  oled.o(.constdata)
    x$fpl$usenofp                            0x08004a2e   Section        0  usenofp.o(x$fpl$usenofp)
    .constdata                               0x08005246   Section       17  __printf_flags_wp.o(.constdata)
    maptable                                 0x08005246   Data          17  __printf_flags_wp.o(.constdata)
    .data                                    0x20000000   Section     2068  main.o(.data)
    .data                                    0x20000814   Section       20  system_stm32f10x.o(.data)
    .data                                    0x20000828   Section      448  oled.o(.data)
    .data                                    0x200009e8   Section       68  timer.o(.data)
    ON                                       0x20000a24   Data           4  timer.o(.data)
    cmt_100ms                                0x20000a28   Data           4  timer.o(.data)
    .data                                    0x20000a2c   Section       20  filter.o(.data)
    last_angle                               0x20000a38   Data           4  filter.o(.data)
    first_angle                              0x20000a3c   Data           4  filter.o(.data)
    .data                                    0x20000a40   Section        2  hc_sr04.o(.data)
    .data                                    0x20000a44   Section        4  pid.o(.data)
    .data                                    0x20000a48   Section       16  exti.o(.data)
    .data                                    0x20000a58   Section        1  ec11.o(.data)
    key_up                                   0x20000a58   Data           1  ec11.o(.data)
    .data                                    0x20000a5a   Section        4  delay.o(.data)
    fac_us                                   0x20000a5a   Data           1  delay.o(.data)
    fac_ms                                   0x20000a5c   Data           2  delay.o(.data)
    .data                                    0x20000a60   Section        6  usart.o(.data)
    .data                                    0x20000a66   Section       20  stm32f10x_rcc.o(.data)
    APBAHBPrescTable                         0x20000a66   Data          16  stm32f10x_rcc.o(.data)
    ADCPrescTable                            0x20000a76   Data           4  stm32f10x_rcc.o(.data)
    .bss                                     0x20000a7c   Section       24  filter.o(.bss)
    .bss                                     0x20000a94   Section       52  pid.o(.bss)
    .bss                                     0x20000ac8   Section      200  usart.o(.bss)
    .bss                                     0x20000b90   Section       96  libspace.o(.bss)
    HEAP                                     0x20000bf0   Section      512  startup_stm32f10x_hd.o(HEAP)
    Heap_Mem                                 0x20000bf0   Data         512  startup_stm32f10x_hd.o(HEAP)
    STACK                                    0x20000df0   Section     1024  startup_stm32f10x_hd.o(STACK)
    Stack_Mem                                0x20000df0   Data        1024  startup_stm32f10x_hd.o(STACK)
    __initial_sp                             0x200011f0   Data           0  startup_stm32f10x_hd.o(STACK)

    Global Symbols

    Symbol Name                              Value     Ov Type        Size  Object(Section)

    BuildAttributes$$THM_ISAv4$P$D$K$B$S$PE$A:L22UL41UL21$X:L11$S22US41US21$IEEE1$IW$USESV6$~STKCKD$USESV7$~SHL$OTIME$ROPI$IEEEX$EBA8$UX$STANDARDLIB$REQ8$PRES8$EABIv2 0x00000000   Number         0  anon$$obj.o ABSOLUTE
    __ARM_use_no_argv                        0x00000000   Number         0  main.o ABSOLUTE
    _printf_flags                            0x00000000   Number         0  printf_stubs.o ABSOLUTE
    _printf_return_value                     0x00000000   Number         0  printf_stubs.o ABSOLUTE
    _printf_sizespec                         0x00000000   Number         0  printf_stubs.o ABSOLUTE
    _printf_widthprec                        0x00000000   Number         0  printf_stubs.o ABSOLUTE
    __ARM_exceptions_init                     - Undefined Weak Reference
    __alloca_initialize                       - Undefined Weak Reference
    __arm_preinit_                            - Undefined Weak Reference
    __cpp_initialize__aeabi_                  - Undefined Weak Reference
    __cxa_finalize                            - Undefined Weak Reference
    __rt_locale                               - Undefined Weak Reference
    __sigvec_lookup                           - Undefined Weak Reference
    _atexit_init                              - Undefined Weak Reference
    _call_atexit_fns                          - Undefined Weak Reference
    _clock_init                               - Undefined Weak Reference
    _fp_trap_init                             - Undefined Weak Reference
    _fp_trap_shutdown                         - Undefined Weak Reference
    _get_lc_collate                           - Undefined Weak Reference
    _get_lc_ctype                             - Undefined Weak Reference
    _get_lc_monetary                          - Undefined Weak Reference
    _get_lc_numeric                           - Undefined Weak Reference
    _get_lc_time                              - Undefined Weak Reference
    _getenv_init                              - Undefined Weak Reference
    _handle_redirection                       - Undefined Weak Reference
    _init_alloc                               - Undefined Weak Reference
    _init_user_alloc                          - Undefined Weak Reference
    _initio                                   - Undefined Weak Reference
    _mutex_acquire                            - Undefined Weak Reference
    _mutex_release                            - Undefined Weak Reference
    _printf_truncate_signed                   - Undefined Weak Reference
    _printf_truncate_unsigned                 - Undefined Weak Reference
    _rand_init                                - Undefined Weak Reference
    _signal_finish                            - Undefined Weak Reference
    _signal_init                              - Undefined Weak Reference
    _terminate_alloc                          - Undefined Weak Reference
    _terminate_user_alloc                     - Undefined Weak Reference
    _terminateio                              - Undefined Weak Reference
    __Vectors_Size                           0x00000130   Number         0  startup_stm32f10x_hd.o ABSOLUTE
    __Vectors                                0x08000000   Data           4  startup_stm32f10x_hd.o(RESET)
    __Vectors_End                            0x08000130   Data           0  startup_stm32f10x_hd.o(RESET)
    __main                                   0x08000131   Thumb Code     8  __main.o(!!!main)
    __scatterload                            0x08000139   Thumb Code     0  __scatter.o(!!!scatter)
    __scatterload_rt2                        0x08000139   Thumb Code    44  __scatter.o(!!!scatter)
    __scatterload_rt2_thumb_only             0x08000139   Thumb Code     0  __scatter.o(!!!scatter)
    __scatterload_null                       0x08000147   Thumb Code     0  __scatter.o(!!!scatter)
    __decompress                             0x0800016d   Thumb Code   100  __dclz77c.o(!!dclz77c)
    __decompress2                            0x0800016d   Thumb Code     0  __dclz77c.o(!!dclz77c)
    __scatterload_zeroinit                   0x080001d1   Thumb Code    28  __scatter_zi.o(!!handler_zi)
    _printf_d                                0x080001ed   Thumb Code     0  _printf_d.o(.ARM.Collect$$_printf_percent$$00000009)
    _printf_percent                          0x080001ed   Thumb Code     0  _printf_percent.o(.ARM.Collect$$_printf_percent$$00000000)
    _printf_percent_end                      0x080001f3   Thumb Code     0  _printf_percent_end.o(.ARM.Collect$$_printf_percent$$00000017)
    __rt_lib_init                            0x080001f7   Thumb Code     0  libinit.o(.ARM.Collect$$libinit$$00000000)
    __rt_lib_init_alloca_1                   0x080001f9   Thumb Code     0  libinit2.o(.ARM.Collect$$libinit$$0000002E)
    __rt_lib_init_argv_1                     0x080001f9   Thumb Code     0  libinit2.o(.ARM.Collect$$libinit$$0000002C)
    __rt_lib_init_atexit_1                   0x080001f9   Thumb Code     0  libinit2.o(.ARM.Collect$$libinit$$0000001B)
    __rt_lib_init_clock_1                    0x080001f9   Thumb Code     0  libinit2.o(.ARM.Collect$$libinit$$00000021)
    __rt_lib_init_cpp_1                      0x080001f9   Thumb Code     0  libinit2.o(.ARM.Collect$$libinit$$00000032)
    __rt_lib_init_exceptions_1               0x080001f9   Thumb Code     0  libinit2.o(.ARM.Collect$$libinit$$00000030)
    __rt_lib_init_fp_1                       0x080001f9   Thumb Code     0  libinit2.o(.ARM.Collect$$libinit$$00000002)
    __rt_lib_init_fp_trap_1                  0x080001f9   Thumb Code     0  libinit2.o(.ARM.Collect$$libinit$$0000001F)
    __rt_lib_init_getenv_1                   0x080001f9   Thumb Code     0  libinit2.o(.ARM.Collect$$libinit$$00000023)
    __rt_lib_init_heap_1                     0x080001f9   Thumb Code     0  libinit2.o(.ARM.Collect$$libinit$$0000000A)
    __rt_lib_init_lc_collate_1               0x080001f9   Thumb Code     0  libinit2.o(.ARM.Collect$$libinit$$00000011)
    __rt_lib_init_lc_ctype_1                 0x080001f9   Thumb Code     0  libinit2.o(.ARM.Collect$$libinit$$00000013)
    __rt_lib_init_lc_monetary_1              0x080001f9   Thumb Code     0  libinit2.o(.ARM.Collect$$libinit$$00000015)
    __rt_lib_init_lc_numeric_1               0x080001f9   Thumb Code     0  libinit2.o(.ARM.Collect$$libinit$$00000017)
    __rt_lib_init_lc_time_1                  0x080001f9   Thumb Code     0  libinit2.o(.ARM.Collect$$libinit$$00000019)
    __rt_lib_init_preinit_1                  0x080001f9   Thumb Code     0  libinit2.o(.ARM.Collect$$libinit$$00000004)
    __rt_lib_init_rand_1                     0x080001f9   Thumb Code     0  libinit2.o(.ARM.Collect$$libinit$$0000000E)
    __rt_lib_init_return                     0x080001f9   Thumb Code     0  libinit2.o(.ARM.Collect$$libinit$$00000033)
    __rt_lib_init_signal_1                   0x080001f9   Thumb Code     0  libinit2.o(.ARM.Collect$$libinit$$0000001D)
    __rt_lib_init_stdio_1                    0x080001f9   Thumb Code     0  libinit2.o(.ARM.Collect$$libinit$$00000025)
    __rt_lib_init_user_alloc_1               0x080001f9   Thumb Code     0  libinit2.o(.ARM.Collect$$libinit$$0000000C)
    __rt_lib_shutdown                        0x080001fb   Thumb Code     0  libshutdown.o(.ARM.Collect$$libshutdown$$00000000)
    __rt_lib_shutdown_cpp_1                  0x080001fd   Thumb Code     0  libshutdown2.o(.ARM.Collect$$libshutdown$$00000002)
    __rt_lib_shutdown_fp_trap_1              0x080001fd   Thumb Code     0  libshutdown2.o(.ARM.Collect$$libshutdown$$00000007)
    __rt_lib_shutdown_heap_1                 0x080001fd   Thumb Code     0  libshutdown2.o(.ARM.Collect$$libshutdown$$0000000F)
    __rt_lib_shutdown_return                 0x080001fd   Thumb Code     0  libshutdown2.o(.ARM.Collect$$libshutdown$$00000010)
    __rt_lib_shutdown_signal_1               0x080001fd   Thumb Code     0  libshutdown2.o(.ARM.Collect$$libshutdown$$0000000A)
    __rt_lib_shutdown_stdio_1                0x080001fd   Thumb Code     0  libshutdown2.o(.ARM.Collect$$libshutdown$$00000004)
    __rt_lib_shutdown_user_alloc_1           0x080001fd   Thumb Code     0  libshutdown2.o(.ARM.Collect$$libshutdown$$0000000C)
    __rt_entry                               0x080001ff   Thumb Code     0  __rtentry.o(.ARM.Collect$$rtentry$$00000000)
    __rt_entry_presh_1                       0x080001ff   Thumb Code     0  __rtentry2.o(.ARM.Collect$$rtentry$$00000002)
    __rt_entry_sh                            0x080001ff   Thumb Code     0  __rtentry4.o(.ARM.Collect$$rtentry$$00000004)
    __rt_entry_li                            0x08000205   Thumb Code     0  __rtentry2.o(.ARM.Collect$$rtentry$$0000000A)
    __rt_entry_postsh_1                      0x08000205   Thumb Code     0  __rtentry2.o(.ARM.Collect$$rtentry$$00000009)
    __rt_entry_main                          0x08000209   Thumb Code     0  __rtentry2.o(.ARM.Collect$$rtentry$$0000000D)
    __rt_entry_postli_1                      0x08000209   Thumb Code     0  __rtentry2.o(.ARM.Collect$$rtentry$$0000000C)
    __rt_exit                                0x08000211   Thumb Code     0  rtexit.o(.ARM.Collect$$rtexit$$00000000)
    __rt_exit_ls                             0x08000213   Thumb Code     0  rtexit2.o(.ARM.Collect$$rtexit$$00000003)
    __rt_exit_prels_1                        0x08000213   Thumb Code     0  rtexit2.o(.ARM.Collect$$rtexit$$00000002)
    __rt_exit_exit                           0x08000217   Thumb Code     0  rtexit2.o(.ARM.Collect$$rtexit$$00000004)
    main                                     0x0800021d   Thumb Code   652  main.o(.text)
    NMI_Handler                              0x08000545   Thumb Code     2  stm32f10x_it.o(.text)
    HardFault_Handler                        0x08000547   Thumb Code     4  stm32f10x_it.o(.text)
    MemManage_Handler                        0x0800054b   Thumb Code     4  stm32f10x_it.o(.text)
    BusFault_Handler                         0x0800054f   Thumb Code     4  stm32f10x_it.o(.text)
    UsageFault_Handler                       0x08000553   Thumb Code     4  stm32f10x_it.o(.text)
    SVC_Handler                              0x08000557   Thumb Code     2  stm32f10x_it.o(.text)
    DebugMon_Handler                         0x08000559   Thumb Code     2  stm32f10x_it.o(.text)
    PendSV_Handler                           0x0800055b   Thumb Code     2  stm32f10x_it.o(.text)
    SysTick_Handler                          0x0800055d   Thumb Code     2  stm32f10x_it.o(.text)
    SystemInit                               0x0800063f   Thumb Code    78  system_stm32f10x.o(.text)
    SystemCoreClockUpdate                    0x0800068d   Thumb Code   142  system_stm32f10x.o(.text)
    OLED_WR_Byte                             0x08000741   Thumb Code   108  oled.o(.text)
    OLED_Set_Pos                             0x080007ad   Thumb Code    46  oled.o(.text)
    OLED_Display_On                          0x080007db   Thumb Code    28  oled.o(.text)
    OLED_Display_Off                         0x080007f7   Thumb Code    28  oled.o(.text)
    OLED_Clear                               0x08000813   Thumb Code    64  oled.o(.text)
    OLED_ShowChar                            0x08000853   Thumb Code    78  oled.o(.text)
    oled_pow                                 0x080008a1   Thumb Code    22  oled.o(.text)
    OLED_ShowNum                             0x080008b7   Thumb Code   132  oled.o(.text)
    OLED_ShowString                          0x0800093b   Thumb Code    52  oled.o(.text)
    OLED_ShowCHinese                         0x0800096f   Thumb Code    98  oled.o(.text)
    OLED_DrawBMP                             0x080009d1   Thumb Code   118  oled.o(.text)
    OLED_Init                                0x08000a47   Thumb Code   386  oled.o(.text)
    MPU_IIC_Delay                            0x08000bc9   Thumb Code    10  mpuiic.o(.text)
    MPU_IIC_Init                             0x08000bd3   Thumb Code    50  mpuiic.o(.text)
    MPU_IIC_Start                            0x08000c05   Thumb Code    64  mpuiic.o(.text)
    MPU_IIC_Stop                             0x08000c45   Thumb Code    66  mpuiic.o(.text)
    MPU_IIC_Wait_Ack                         0x08000c87   Thumb Code    90  mpuiic.o(.text)
    MPU_IIC_Ack                              0x08000ce1   Thumb Code    70  mpuiic.o(.text)
    MPU_IIC_NAck                             0x08000d27   Thumb Code    70  mpuiic.o(.text)
    MPU_IIC_Send_Byte                        0x08000d6d   Thumb Code    86  mpuiic.o(.text)
    MPU_IIC_Read_Byte                        0x08000dc3   Thumb Code   100  mpuiic.o(.text)
    MPU_Write_Byte                           0x08000e35   Thumb Code    68  mpu6050.o(.text)
    MPU_Set_LPF                              0x08000e79   Thumb Code    58  mpu6050.o(.text)
    MPU_Set_Rate                             0x08000eb3   Thumb Code    58  mpu6050.o(.text)
    MPU_Read_Byte                            0x08000eed   Thumb Code    58  mpu6050.o(.text)
    MPU_Set_Accel_Fsr                        0x08000f27   Thumb Code    16  mpu6050.o(.text)
    MPU_Set_Gyro_Fsr                         0x08000f37   Thumb Code    16  mpu6050.o(.text)
    MPU_Init                                 0x08000f47   Thumb Code   130  mpu6050.o(.text)
    MPU_Read_Len                             0x08000fc9   Thumb Code   116  mpu6050.o(.text)
    MPU_Get_Temperature                      0x0800103d   Thumb Code    86  mpu6050.o(.text)
    MPU_Get_Gyroscope                        0x08001093   Thumb Code    80  mpu6050.o(.text)
    MPU_Get_Accelerometer                    0x080010e3   Thumb Code    80  mpu6050.o(.text)
    MPU_Write_Len                            0x08001133   Thumb Code    96  mpu6050.o(.text)
    TIM1_Int_Init                            0x080011b1   Thumb Code    90  timer.o(.text)
    MiniBalance_PWM_Init                     0x0800120b   Thumb Code   200  timer.o(.text)
    TIM3_Int_Init                            0x080012d3   Thumb Code    90  timer.o(.text)
    TIM3_IRQHandler                          0x0800132d   Thumb Code   292  timer.o(.text)
    angle_calc_filter                        0x0800148d   Thumb Code   104  filter.o(.text)
    filter_init                              0x080014f5   Thumb Code    20  filter.o(.text)
    filter                                   0x08001509   Thumb Code    94  filter.o(.text)
    LED_init                                 0x08001589   Thumb Code    40  led.o(.text)
    BEEP_init                                0x080015b1   Thumb Code    46  led.o(.text)
    uart3_init                               0x080015e5   Thumb Code   192  bluetooth.o(.text)
    MY_SEND_BUFF                             0x080016a5   Thumb Code    32  bluetooth.o(.text)
    USART3_IRQHandler                        0x080016c5   Thumb Code    14  bluetooth.o(.text)
    hcsr05_NVIC                              0x080016e1   Thumb Code    40  hc_sr04.o(.text)
    Hcsr05Init                               0x08001709   Thumb Code   158  hc_sr04.o(.text)
    TIM4_IRQHandler                          0x080017cd   Thumb Code    32  hc_sr04.o(.text)
    GetEchoTimer                             0x080017ed   Thumb Code    42  hc_sr04.o(.text)
    Hcsr05GetLength                          0x08001817   Thumb Code   116  hc_sr04.o(.text)
    modu                                     0x0800189d   Thumb Code    26  pid.o(.text)
    motor_PID_Loc                            0x080018b7   Thumb Code    86  pid.o(.text)
    motor_PID_Inc                            0x0800190d   Thumb Code    62  pid.o(.text)
    EXTIX_Init                               0x08001959   Thumb Code   212  exti.o(.text)
    EXTI4_IRQHandler                         0x08001a2d   Thumb Code    20  exti.o(.text)
    EXTI15_10_IRQHandler                     0x08001a41   Thumb Code    22  exti.o(.text)
    read_dat_exti                            0x08001a57   Thumb Code    28  exti.o(.text)
    EC11_Init                                0x08001a8d   Thumb Code    32  ec11.o(.text)
    EC11_Scan                                0x08001aad   Thumb Code   204  ec11.o(.text)
    delay_init                               0x08001b81   Thumb Code    50  delay.o(.text)
    delay_us                                 0x08001bb3   Thumb Code    72  delay.o(.text)
    delay_ms                                 0x08001bfb   Thumb Code    72  delay.o(.text)
    NVIC_Configuration                       0x08001c55   Thumb Code    12  sys.o(.text)
    _sys_exit                                0x08001c61   Thumb Code     6  usart.o(.text)
    fputc                                    0x08001c67   Thumb Code    24  usart.o(.text)
    uart_init                                0x08001c7f   Thumb Code   152  usart.o(.text)
    USART1_IRQHandler                        0x08001d17   Thumb Code   122  usart.o(.text)
    Reset_Handler                            0x08001da1   Thumb Code     8  startup_stm32f10x_hd.o(.text)
    ADC1_2_IRQHandler                        0x08001dbb   Thumb Code     0  startup_stm32f10x_hd.o(.text)
    ADC3_IRQHandler                          0x08001dbb   Thumb Code     0  startup_stm32f10x_hd.o(.text)
    CAN1_RX1_IRQHandler                      0x08001dbb   Thumb Code     0  startup_stm32f10x_hd.o(.text)
    CAN1_SCE_IRQHandler                      0x08001dbb   Thumb Code     0  startup_stm32f10x_hd.o(.text)
    DMA1_Channel1_IRQHandler                 0x08001dbb   Thumb Code     0  startup_stm32f10x_hd.o(.text)
    DMA1_Channel2_IRQHandler                 0x08001dbb   Thumb Code     0  startup_stm32f10x_hd.o(.text)
    DMA1_Channel3_IRQHandler                 0x08001dbb   Thumb Code     0  startup_stm32f10x_hd.o(.text)
    DMA1_Channel4_IRQHandler                 0x08001dbb   Thumb Code     0  startup_stm32f10x_hd.o(.text)
    DMA1_Channel5_IRQHandler                 0x08001dbb   Thumb Code     0  startup_stm32f10x_hd.o(.text)
    DMA1_Channel6_IRQHandler                 0x08001dbb   Thumb Code     0  startup_stm32f10x_hd.o(.text)
    DMA1_Channel7_IRQHandler                 0x08001dbb   Thumb Code     0  startup_stm32f10x_hd.o(.text)
    DMA2_Channel1_IRQHandler                 0x08001dbb   Thumb Code     0  startup_stm32f10x_hd.o(.text)
    DMA2_Channel2_IRQHandler                 0x08001dbb   Thumb Code     0  startup_stm32f10x_hd.o(.text)
    DMA2_Channel3_IRQHandler                 0x08001dbb   Thumb Code     0  startup_stm32f10x_hd.o(.text)
    DMA2_Channel4_5_IRQHandler               0x08001dbb   Thumb Code     0  startup_stm32f10x_hd.o(.text)
    EXTI0_IRQHandler                         0x08001dbb   Thumb Code     0  startup_stm32f10x_hd.o(.text)
    EXTI1_IRQHandler                         0x08001dbb   Thumb Code     0  startup_stm32f10x_hd.o(.text)
    EXTI2_IRQHandler                         0x08001dbb   Thumb Code     0  startup_stm32f10x_hd.o(.text)
    EXTI3_IRQHandler                         0x08001dbb   Thumb Code     0  startup_stm32f10x_hd.o(.text)
    EXTI9_5_IRQHandler                       0x08001dbb   Thumb Code     0  startup_stm32f10x_hd.o(.text)
    FLASH_IRQHandler                         0x08001dbb   Thumb Code     0  startup_stm32f10x_hd.o(.text)
    FSMC_IRQHandler                          0x08001dbb   Thumb Code     0  startup_stm32f10x_hd.o(.text)
    I2C1_ER_IRQHandler                       0x08001dbb   Thumb Code     0  startup_stm32f10x_hd.o(.text)
    I2C1_EV_IRQHandler                       0x08001dbb   Thumb Code     0  startup_stm32f10x_hd.o(.text)
    I2C2_ER_IRQHandler                       0x08001dbb   Thumb Code     0  startup_stm32f10x_hd.o(.text)
    I2C2_EV_IRQHandler                       0x08001dbb   Thumb Code     0  startup_stm32f10x_hd.o(.text)
    PVD_IRQHandler                           0x08001dbb   Thumb Code     0  startup_stm32f10x_hd.o(.text)
    RCC_IRQHandler                           0x08001dbb   Thumb Code     0  startup_stm32f10x_hd.o(.text)
    RTCAlarm_IRQHandler                      0x08001dbb   Thumb Code     0  startup_stm32f10x_hd.o(.text)
    RTC_IRQHandler                           0x08001dbb   Thumb Code     0  startup_stm32f10x_hd.o(.text)
    SDIO_IRQHandler                          0x08001dbb   Thumb Code     0  startup_stm32f10x_hd.o(.text)
    SPI1_IRQHandler                          0x08001dbb   Thumb Code     0  startup_stm32f10x_hd.o(.text)
    SPI2_IRQHandler                          0x08001dbb   Thumb Code     0  startup_stm32f10x_hd.o(.text)
    SPI3_IRQHandler                          0x08001dbb   Thumb Code     0  startup_stm32f10x_hd.o(.text)
    TAMPER_IRQHandler                        0x08001dbb   Thumb Code     0  startup_stm32f10x_hd.o(.text)
    TIM1_BRK_IRQHandler                      0x08001dbb   Thumb Code     0  startup_stm32f10x_hd.o(.text)
    TIM1_CC_IRQHandler                       0x08001dbb   Thumb Code     0  startup_stm32f10x_hd.o(.text)
    TIM1_TRG_COM_IRQHandler                  0x08001dbb   Thumb Code     0  startup_stm32f10x_hd.o(.text)
    TIM1_UP_IRQHandler                       0x08001dbb   Thumb Code     0  startup_stm32f10x_hd.o(.text)
    TIM2_IRQHandler                          0x08001dbb   Thumb Code     0  startup_stm32f10x_hd.o(.text)
    TIM5_IRQHandler                          0x08001dbb   Thumb Code     0  startup_stm32f10x_hd.o(.text)
    TIM6_IRQHandler                          0x08001dbb   Thumb Code     0  startup_stm32f10x_hd.o(.text)
    TIM7_IRQHandler                          0x08001dbb   Thumb Code     0  startup_stm32f10x_hd.o(.text)
    TIM8_BRK_IRQHandler                      0x08001dbb   Thumb Code     0  startup_stm32f10x_hd.o(.text)
    TIM8_CC_IRQHandler                       0x08001dbb   Thumb Code     0  startup_stm32f10x_hd.o(.text)
    TIM8_TRG_COM_IRQHandler                  0x08001dbb   Thumb Code     0  startup_stm32f10x_hd.o(.text)
    TIM8_UP_IRQHandler                       0x08001dbb   Thumb Code     0  startup_stm32f10x_hd.o(.text)
    UART4_IRQHandler                         0x08001dbb   Thumb Code     0  startup_stm32f10x_hd.o(.text)
    UART5_IRQHandler                         0x08001dbb   Thumb Code     0  startup_stm32f10x_hd.o(.text)
    USART2_IRQHandler                        0x08001dbb   Thumb Code     0  startup_stm32f10x_hd.o(.text)
    USBWakeUp_IRQHandler                     0x08001dbb   Thumb Code     0  startup_stm32f10x_hd.o(.text)
    USB_HP_CAN1_TX_IRQHandler                0x08001dbb   Thumb Code     0  startup_stm32f10x_hd.o(.text)
    USB_LP_CAN1_RX0_IRQHandler               0x08001dbb   Thumb Code     0  startup_stm32f10x_hd.o(.text)
    WWDG_IRQHandler                          0x08001dbb   Thumb Code     0  startup_stm32f10x_hd.o(.text)
    __user_initial_stackheap                 0x08001dbd   Thumb Code     0  startup_stm32f10x_hd.o(.text)
    NVIC_PriorityGroupConfig                 0x08001de1   Thumb Code    10  misc.o(.text)
    NVIC_Init                                0x08001deb   Thumb Code   100  misc.o(.text)
    NVIC_SetVectorTable                      0x08001e4f   Thumb Code    14  misc.o(.text)
    NVIC_SystemLPConfig                      0x08001e5d   Thumb Code    34  misc.o(.text)
    SysTick_CLKSourceConfig                  0x08001e7f   Thumb Code    40  misc.o(.text)
    GPIO_DeInit                              0x08001ebd   Thumb Code   172  stm32f10x_gpio.o(.text)
    GPIO_AFIODeInit                          0x08001f69   Thumb Code    20  stm32f10x_gpio.o(.text)
    GPIO_Init                                0x08001f7d   Thumb Code   278  stm32f10x_gpio.o(.text)
    GPIO_StructInit                          0x08002093   Thumb Code    16  stm32f10x_gpio.o(.text)
    GPIO_ReadInputDataBit                    0x080020a3   Thumb Code    18  stm32f10x_gpio.o(.text)
    GPIO_ReadInputData                       0x080020b5   Thumb Code     8  stm32f10x_gpio.o(.text)
    GPIO_ReadOutputDataBit                   0x080020bd   Thumb Code    18  stm32f10x_gpio.o(.text)
    GPIO_ReadOutputData                      0x080020cf   Thumb Code     8  stm32f10x_gpio.o(.text)
    GPIO_SetBits                             0x080020d7   Thumb Code     4  stm32f10x_gpio.o(.text)
    GPIO_ResetBits                           0x080020db   Thumb Code     4  stm32f10x_gpio.o(.text)
    GPIO_WriteBit                            0x080020df   Thumb Code    10  stm32f10x_gpio.o(.text)
    GPIO_Write                               0x080020e9   Thumb Code     4  stm32f10x_gpio.o(.text)
    GPIO_PinLockConfig                       0x080020ed   Thumb Code    18  stm32f10x_gpio.o(.text)
    GPIO_EventOutputConfig                   0x080020ff   Thumb Code    26  stm32f10x_gpio.o(.text)
    GPIO_EventOutputCmd                      0x08002119   Thumb Code     6  stm32f10x_gpio.o(.text)
    GPIO_PinRemapConfig                      0x0800211f   Thumb Code   138  stm32f10x_gpio.o(.text)
    GPIO_EXTILineConfig                      0x080021a9   Thumb Code    66  stm32f10x_gpio.o(.text)
    GPIO_ETH_MediaInterfaceConfig            0x080021eb   Thumb Code     8  stm32f10x_gpio.o(.text)
    RCC_DeInit                               0x08002219   Thumb Code    64  stm32f10x_rcc.o(.text)
    RCC_HSEConfig                            0x08002259   Thumb Code    70  stm32f10x_rcc.o(.text)
    RCC_GetFlagStatus                        0x0800229f   Thumb Code    56  stm32f10x_rcc.o(.text)
    RCC_WaitForHSEStartUp                    0x080022d7   Thumb Code    56  stm32f10x_rcc.o(.text)
    RCC_AdjustHSICalibrationValue            0x0800230f   Thumb Code    20  stm32f10x_rcc.o(.text)
    RCC_HSICmd                               0x08002323   Thumb Code     6  stm32f10x_rcc.o(.text)
    RCC_PLLConfig                            0x08002329   Thumb Code    24  stm32f10x_rcc.o(.text)
    RCC_PLLCmd                               0x08002341   Thumb Code     6  stm32f10x_rcc.o(.text)
    RCC_SYSCLKConfig                         0x08002347   Thumb Code    18  stm32f10x_rcc.o(.text)
    RCC_GetSYSCLKSource                      0x08002359   Thumb Code    10  stm32f10x_rcc.o(.text)
    RCC_HCLKConfig                           0x08002363   Thumb Code    18  stm32f10x_rcc.o(.text)
    RCC_PCLK1Config                          0x08002375   Thumb Code    18  stm32f10x_rcc.o(.text)
    RCC_PCLK2Config                          0x08002387   Thumb Code    20  stm32f10x_rcc.o(.text)
    RCC_ITConfig                             0x0800239b   Thumb Code    26  stm32f10x_rcc.o(.text)
    RCC_USBCLKConfig                         0x080023b5   Thumb Code     8  stm32f10x_rcc.o(.text)
    RCC_ADCCLKConfig                         0x080023bd   Thumb Code    18  stm32f10x_rcc.o(.text)
    RCC_LSEConfig                            0x080023cf   Thumb Code    50  stm32f10x_rcc.o(.text)
    RCC_LSICmd                               0x08002401   Thumb Code     6  stm32f10x_rcc.o(.text)
    RCC_RTCCLKConfig                         0x08002407   Thumb Code    12  stm32f10x_rcc.o(.text)
    RCC_RTCCLKCmd                            0x08002413   Thumb Code     8  stm32f10x_rcc.o(.text)
    RCC_GetClocksFreq                        0x0800241b   Thumb Code   192  stm32f10x_rcc.o(.text)
    RCC_AHBPeriphClockCmd                    0x080024db   Thumb Code    26  stm32f10x_rcc.o(.text)
    RCC_APB2PeriphClockCmd                   0x080024f5   Thumb Code    26  stm32f10x_rcc.o(.text)
    RCC_APB1PeriphClockCmd                   0x0800250f   Thumb Code    26  stm32f10x_rcc.o(.text)
    RCC_APB2PeriphResetCmd                   0x08002529   Thumb Code    26  stm32f10x_rcc.o(.text)
    RCC_APB1PeriphResetCmd                   0x08002543   Thumb Code    26  stm32f10x_rcc.o(.text)
    RCC_BackupResetCmd                       0x0800255d   Thumb Code     8  stm32f10x_rcc.o(.text)
    RCC_ClockSecuritySystemCmd               0x08002565   Thumb Code     6  stm32f10x_rcc.o(.text)
    RCC_MCOConfig                            0x0800256b   Thumb Code     6  stm32f10x_rcc.o(.text)
    RCC_ClearFlag                            0x08002571   Thumb Code    14  stm32f10x_rcc.o(.text)
    RCC_GetITStatus                          0x0800257f   Thumb Code    20  stm32f10x_rcc.o(.text)
    RCC_ClearITPendingBit                    0x08002593   Thumb Code     6  stm32f10x_rcc.o(.text)
    USART_DeInit                             0x080025bd   Thumb Code   134  stm32f10x_usart.o(.text)
    USART_Init                               0x08002643   Thumb Code   210  stm32f10x_usart.o(.text)
    USART_StructInit                         0x08002715   Thumb Code    24  stm32f10x_usart.o(.text)
    USART_ClockInit                          0x0800272d   Thumb Code    34  stm32f10x_usart.o(.text)
    USART_ClockStructInit                    0x0800274f   Thumb Code    12  stm32f10x_usart.o(.text)
    USART_Cmd                                0x0800275b   Thumb Code    24  stm32f10x_usart.o(.text)
    USART_ITConfig                           0x08002773   Thumb Code    74  stm32f10x_usart.o(.text)
    USART_DMACmd                             0x080027bd   Thumb Code    18  stm32f10x_usart.o(.text)
    USART_SetAddress                         0x080027cf   Thumb Code    18  stm32f10x_usart.o(.text)
    USART_WakeUpConfig                       0x080027e1   Thumb Code    18  stm32f10x_usart.o(.text)
    USART_ReceiverWakeUpCmd                  0x080027f3   Thumb Code    24  stm32f10x_usart.o(.text)
    USART_LINBreakDetectLengthConfig         0x0800280b   Thumb Code    18  stm32f10x_usart.o(.text)
    USART_LINCmd                             0x0800281d   Thumb Code    24  stm32f10x_usart.o(.text)
    USART_SendData                           0x08002835   Thumb Code     8  stm32f10x_usart.o(.text)
    USART_ReceiveData                        0x0800283d   Thumb Code    10  stm32f10x_usart.o(.text)
    USART_SendBreak                          0x08002847   Thumb Code    10  stm32f10x_usart.o(.text)
    USART_SetGuardTime                       0x08002851   Thumb Code    16  stm32f10x_usart.o(.text)
    USART_SetPrescaler                       0x08002861   Thumb Code    16  stm32f10x_usart.o(.text)
    USART_SmartCardCmd                       0x08002871   Thumb Code    24  stm32f10x_usart.o(.text)
    USART_SmartCardNACKCmd                   0x08002889   Thumb Code    24  stm32f10x_usart.o(.text)
    USART_HalfDuplexCmd                      0x080028a1   Thumb Code    24  stm32f10x_usart.o(.text)
    USART_OverSampling8Cmd                   0x080028b9   Thumb Code    22  stm32f10x_usart.o(.text)
    USART_OneBitMethodCmd                    0x080028cf   Thumb Code    24  stm32f10x_usart.o(.text)
    USART_IrDAConfig                         0x080028e7   Thumb Code    18  stm32f10x_usart.o(.text)
    USART_IrDACmd                            0x080028f9   Thumb Code    24  stm32f10x_usart.o(.text)
    USART_GetFlagStatus                      0x08002911   Thumb Code    26  stm32f10x_usart.o(.text)
    USART_ClearFlag                          0x0800292b   Thumb Code    18  stm32f10x_usart.o(.text)
    USART_GetITStatus                        0x0800293d   Thumb Code    84  stm32f10x_usart.o(.text)
    USART_ClearITPendingBit                  0x08002991   Thumb Code    52  stm32f10x_usart.o(.text)
    TIM_DeInit                               0x080029c5   Thumb Code   424  stm32f10x_tim.o(.text)
    TIM_TimeBaseInit                         0x08002b6d   Thumb Code   122  stm32f10x_tim.o(.text)
    TIM_OC1Init                              0x08002be7   Thumb Code   132  stm32f10x_tim.o(.text)
    TIM_OC2Init                              0x08002c6b   Thumb Code   154  stm32f10x_tim.o(.text)
    TIM_OC3Init                              0x08002d05   Thumb Code   150  stm32f10x_tim.o(.text)
    TIM_OC4Init                              0x08002d9b   Thumb Code   182  stm32f10x_tim.o(.text)
    TIM_SetIC4Prescaler                      0x08002e51   Thumb Code    26  stm32f10x_tim.o(.text)
    TIM_SetIC3Prescaler                      0x08002eed   Thumb Code    18  stm32f10x_tim.o(.text)
    TIM_SetIC2Prescaler                      0x08002f79   Thumb Code    26  stm32f10x_tim.o(.text)
    TIM_SetIC1Prescaler                      0x08003015   Thumb Code    18  stm32f10x_tim.o(.text)
    TIM_ICInit                               0x08003093   Thumb Code   150  stm32f10x_tim.o(.text)
    TIM_PWMIConfig                           0x08003129   Thumb Code   124  stm32f10x_tim.o(.text)
    TIM_BDTRConfig                           0x080031a5   Thumb Code    32  stm32f10x_tim.o(.text)
    TIM_TimeBaseStructInit                   0x080031c5   Thumb Code    18  stm32f10x_tim.o(.text)
    TIM_OCStructInit                         0x080031d7   Thumb Code    20  stm32f10x_tim.o(.text)
    TIM_ICStructInit                         0x080031eb   Thumb Code    18  stm32f10x_tim.o(.text)
    TIM_BDTRStructInit                       0x080031fd   Thumb Code    40  stm32f10x_tim.o(.text)
    TIM_Cmd                                  0x08003225   Thumb Code    24  stm32f10x_tim.o(.text)
    TIM_CtrlPWMOutputs                       0x0800323d   Thumb Code    30  stm32f10x_tim.o(.text)
    TIM_ITConfig                             0x0800325b   Thumb Code    18  stm32f10x_tim.o(.text)
    TIM_GenerateEvent                        0x0800326d   Thumb Code     4  stm32f10x_tim.o(.text)
    TIM_DMAConfig                            0x08003271   Thumb Code    10  stm32f10x_tim.o(.text)
    TIM_DMACmd                               0x0800327b   Thumb Code    18  stm32f10x_tim.o(.text)
    TIM_InternalClockConfig                  0x0800328d   Thumb Code    12  stm32f10x_tim.o(.text)
    TIM_SelectInputTrigger                   0x08003299   Thumb Code    18  stm32f10x_tim.o(.text)
    TIM_ITRxExternalClockConfig              0x080032ab   Thumb Code    24  stm32f10x_tim.o(.text)
    TIM_TIxExternalClockConfig               0x080032c3   Thumb Code    62  stm32f10x_tim.o(.text)
    TIM_ETRConfig                            0x08003301   Thumb Code    28  stm32f10x_tim.o(.text)
    TIM_ETRClockMode1Config                  0x0800331d   Thumb Code    54  stm32f10x_tim.o(.text)
    TIM_ETRClockMode2Config                  0x08003353   Thumb Code    32  stm32f10x_tim.o(.text)
    TIM_PrescalerConfig                      0x08003373   Thumb Code     6  stm32f10x_tim.o(.text)
    TIM_CounterModeConfig                    0x08003379   Thumb Code    18  stm32f10x_tim.o(.text)
    TIM_EncoderInterfaceConfig               0x0800338b   Thumb Code    66  stm32f10x_tim.o(.text)
    TIM_ForcedOC1Config                      0x080033cd   Thumb Code    18  stm32f10x_tim.o(.text)
    TIM_ForcedOC2Config                      0x080033df   Thumb Code    26  stm32f10x_tim.o(.text)
    TIM_ForcedOC3Config                      0x080033f9   Thumb Code    18  stm32f10x_tim.o(.text)
    TIM_ForcedOC4Config                      0x0800340b   Thumb Code    26  stm32f10x_tim.o(.text)
    TIM_ARRPreloadConfig                     0x08003425   Thumb Code    24  stm32f10x_tim.o(.text)
    TIM_SelectCOM                            0x0800343d   Thumb Code    24  stm32f10x_tim.o(.text)
    TIM_SelectCCDMA                          0x08003455   Thumb Code    24  stm32f10x_tim.o(.text)
    TIM_CCPreloadControl                     0x0800346d   Thumb Code    24  stm32f10x_tim.o(.text)
    TIM_OC1PreloadConfig                     0x08003485   Thumb Code    18  stm32f10x_tim.o(.text)
    TIM_OC2PreloadConfig                     0x08003497   Thumb Code    26  stm32f10x_tim.o(.text)
    TIM_OC3PreloadConfig                     0x080034b1   Thumb Code    18  stm32f10x_tim.o(.text)
    TIM_OC4PreloadConfig                     0x080034c3   Thumb Code    26  stm32f10x_tim.o(.text)
    TIM_OC1FastConfig                        0x080034dd   Thumb Code    18  stm32f10x_tim.o(.text)
    TIM_OC2FastConfig                        0x080034ef   Thumb Code    26  stm32f10x_tim.o(.text)
    TIM_OC3FastConfig                        0x08003509   Thumb Code    18  stm32f10x_tim.o(.text)
    TIM_OC4FastConfig                        0x0800351b   Thumb Code    26  stm32f10x_tim.o(.text)
    TIM_ClearOC1Ref                          0x08003535   Thumb Code    18  stm32f10x_tim.o(.text)
    TIM_ClearOC2Ref                          0x08003547   Thumb Code    24  stm32f10x_tim.o(.text)
    TIM_ClearOC3Ref                          0x0800355f   Thumb Code    18  stm32f10x_tim.o(.text)
    TIM_ClearOC4Ref                          0x08003571   Thumb Code    24  stm32f10x_tim.o(.text)
    TIM_OC1PolarityConfig                    0x08003589   Thumb Code    18  stm32f10x_tim.o(.text)
    TIM_OC1NPolarityConfig                   0x0800359b   Thumb Code    18  stm32f10x_tim.o(.text)
    TIM_OC2PolarityConfig                    0x080035ad   Thumb Code    26  stm32f10x_tim.o(.text)
    TIM_OC2NPolarityConfig                   0x080035c7   Thumb Code    26  stm32f10x_tim.o(.text)
    TIM_OC3PolarityConfig                    0x080035e1   Thumb Code    26  stm32f10x_tim.o(.text)
    TIM_OC3NPolarityConfig                   0x080035fb   Thumb Code    26  stm32f10x_tim.o(.text)
    TIM_OC4PolarityConfig                    0x08003615   Thumb Code    26  stm32f10x_tim.o(.text)
    TIM_CCxCmd                               0x0800362f   Thumb Code    30  stm32f10x_tim.o(.text)
    TIM_CCxNCmd                              0x0800364d   Thumb Code    30  stm32f10x_tim.o(.text)
    TIM_SelectOCxM                           0x0800366b   Thumb Code    82  stm32f10x_tim.o(.text)
    TIM_UpdateDisableConfig                  0x080036bd   Thumb Code    24  stm32f10x_tim.o(.text)
    TIM_UpdateRequestConfig                  0x080036d5   Thumb Code    24  stm32f10x_tim.o(.text)
    TIM_SelectHallSensor                     0x080036ed   Thumb Code    24  stm32f10x_tim.o(.text)
    TIM_SelectOnePulseMode                   0x08003705   Thumb Code    18  stm32f10x_tim.o(.text)
    TIM_SelectOutputTrigger                  0x08003717   Thumb Code    18  stm32f10x_tim.o(.text)
    TIM_SelectSlaveMode                      0x08003729   Thumb Code    18  stm32f10x_tim.o(.text)
    TIM_SelectMasterSlaveMode                0x0800373b   Thumb Code    18  stm32f10x_tim.o(.text)
    TIM_SetCounter                           0x0800374d   Thumb Code     4  stm32f10x_tim.o(.text)
    TIM_SetAutoreload                        0x08003751   Thumb Code     4  stm32f10x_tim.o(.text)
    TIM_SetCompare1                          0x08003755   Thumb Code     4  stm32f10x_tim.o(.text)
    TIM_SetCompare2                          0x08003759   Thumb Code     4  stm32f10x_tim.o(.text)
    TIM_SetCompare3                          0x0800375d   Thumb Code     4  stm32f10x_tim.o(.text)
    TIM_SetCompare4                          0x08003761   Thumb Code     6  stm32f10x_tim.o(.text)
    TIM_SetClockDivision                     0x08003767   Thumb Code    18  stm32f10x_tim.o(.text)
    TIM_GetCapture1                          0x08003779   Thumb Code     6  stm32f10x_tim.o(.text)
    TIM_GetCapture2                          0x0800377f   Thumb Code     6  stm32f10x_tim.o(.text)
    TIM_GetCapture3                          0x08003785   Thumb Code     6  stm32f10x_tim.o(.text)
    TIM_GetCapture4                          0x0800378b   Thumb Code     8  stm32f10x_tim.o(.text)
    TIM_GetCounter                           0x08003793   Thumb Code     6  stm32f10x_tim.o(.text)
    TIM_GetPrescaler                         0x08003799   Thumb Code     6  stm32f10x_tim.o(.text)
    TIM_GetFlagStatus                        0x0800379f   Thumb Code    18  stm32f10x_tim.o(.text)
    TIM_ClearFlag                            0x080037b1   Thumb Code     6  stm32f10x_tim.o(.text)
    TIM_GetITStatus                          0x080037b7   Thumb Code    34  stm32f10x_tim.o(.text)
    TIM_ClearITPendingBit                    0x080037d9   Thumb Code     6  stm32f10x_tim.o(.text)
    EXTI_DeInit                              0x080037e1   Thumb Code    28  stm32f10x_exti.o(.text)
    EXTI_Init                                0x080037fd   Thumb Code   142  stm32f10x_exti.o(.text)
    EXTI_StructInit                          0x0800388b   Thumb Code    16  stm32f10x_exti.o(.text)
    EXTI_GenerateSWInterrupt                 0x0800389b   Thumb Code    16  stm32f10x_exti.o(.text)
    EXTI_GetFlagStatus                       0x080038ab   Thumb Code    22  stm32f10x_exti.o(.text)
    EXTI_ClearFlag                           0x080038c1   Thumb Code     8  stm32f10x_exti.o(.text)
    EXTI_GetITStatus                         0x080038c9   Thumb Code    34  stm32f10x_exti.o(.text)
    EXTI_ClearITPendingBit                   0x080038eb   Thumb Code     8  stm32f10x_exti.o(.text)
    __use_no_semihosting                     0x080038fd   Thumb Code     2  use_no_semi_2.o(.text)
    __2printf                                0x08003901   Thumb Code    20  noretval__2printf.o(.text)
    __2sprintf                               0x08003919   Thumb Code    34  noretval__2sprintf.o(.text)
    _printf_int_dec                          0x08003941   Thumb Code   104  _printf_dec.o(.text)
    __printf                                 0x080039b9   Thumb Code   308  __printf_flags_wp.o(.text)
    __use_two_region_memory                  0x08003af1   Thumb Code     2  heapauxi.o(.text)
    __rt_heap_escrow$2region                 0x08003af3   Thumb Code     2  heapauxi.o(.text)
    __rt_heap_expand$2region                 0x08003af5   Thumb Code     2  heapauxi.o(.text)
    __I$use$semihosting                      0x08003af7   Thumb Code     0  use_no_semi.o(.text)
    __use_no_semihosting_swi                 0x08003af7   Thumb Code     2  use_no_semi.o(.text)
    _printf_int_common                       0x08003af9   Thumb Code   178  _printf_intcommon.o(.text)
    _printf_char_common                      0x08003bb7   Thumb Code    32  _printf_char_common.o(.text)
    _sputc                                   0x08003bdd   Thumb Code    10  _sputc.o(.text)
    _printf_char_file                        0x08003be9   Thumb Code    32  _printf_char_file.o(.text)
    ferror                                   0x08003c0d   Thumb Code     8  ferror.o(.text)
    __user_libspace                          0x08003c15   Thumb Code     8  libspace.o(.text)
    __user_perproc_libspace                  0x08003c15   Thumb Code     0  libspace.o(.text)
    __user_perthread_libspace                0x08003c15   Thumb Code     0  libspace.o(.text)
    __user_setup_stackheap                   0x08003c1d   Thumb Code    74  sys_stackheap_outer.o(.text)
    exit                                     0x08003c67   Thumb Code    18  exit.o(.text)
    _is_digit                                0x08003c79   Thumb Code    14  __printf_wp.o(i._is_digit)
    __aeabi_d2f                              0x08003c89   Thumb Code     0  d2f.o(x$fpl$d2f)
    _d2f                                     0x08003c89   Thumb Code    98  d2f.o(x$fpl$d2f)
    __aeabi_dadd                             0x08003ced   Thumb Code     0  daddsub_clz.o(x$fpl$dadd)
    _dadd                                    0x08003ced   Thumb Code   332  daddsub_clz.o(x$fpl$dadd)
    __aeabi_ddiv                             0x08003e3d   Thumb Code     0  ddiv.o(x$fpl$ddiv)
    _ddiv                                    0x08003e3d   Thumb Code   552  ddiv.o(x$fpl$ddiv)
    __aeabi_i2d                              0x080040ed   Thumb Code     0  dflt_clz.o(x$fpl$dflt)
    _dflt                                    0x080040ed   Thumb Code    46  dflt_clz.o(x$fpl$dflt)
    __fpl_dnaninf                            0x0800411b   Thumb Code   156  dnaninf.o(x$fpl$dnaninf)
    __fpl_dretinf                            0x080041b7   Thumb Code    12  dretinf.o(x$fpl$dretinf)
    __aeabi_dsub                             0x080041c5   Thumb Code     0  daddsub_clz.o(x$fpl$dsub)
    _dsub                                    0x080041c5   Thumb Code   464  daddsub_clz.o(x$fpl$dsub)
    __aeabi_f2d                              0x08004399   Thumb Code     0  f2d.o(x$fpl$f2d)
    _f2d                                     0x08004399   Thumb Code    86  f2d.o(x$fpl$f2d)
    __aeabi_fadd                             0x080043f1   Thumb Code     0  faddsub_clz.o(x$fpl$fadd)
    _fadd                                    0x080043f1   Thumb Code   196  faddsub_clz.o(x$fpl$fadd)
    __fpl_fcmp_Inf                           0x080044b5   Thumb Code    24  fcmpi.o(x$fpl$fcmpinf)
    __aeabi_fdiv                             0x080044cd   Thumb Code     0  fdiv.o(x$fpl$fdiv)
    _fdiv                                    0x080044cd   Thumb Code   384  fdiv.o(x$fpl$fdiv)
    __aeabi_f2iz                             0x08004651   Thumb Code     0  ffix.o(x$fpl$ffix)
    _ffix                                    0x08004651   Thumb Code    54  ffix.o(x$fpl$ffix)
    __aeabi_i2f                              0x08004689   Thumb Code     0  fflt_clz.o(x$fpl$fflt)
    _fflt                                    0x08004689   Thumb Code    48  fflt_clz.o(x$fpl$fflt)
    __aeabi_ui2f                             0x080046b9   Thumb Code     0  fflt_clz.o(x$fpl$ffltu)
    _ffltu                                   0x080046b9   Thumb Code    38  fflt_clz.o(x$fpl$ffltu)
    __aeabi_cfcmple                          0x080046e1   Thumb Code     0  fleqf.o(x$fpl$fleqf)
    _fcmple                                  0x080046e1   Thumb Code   104  fleqf.o(x$fpl$fleqf)
    __fpl_fcmple_InfNaN                      0x08004733   Thumb Code     0  fleqf.o(x$fpl$fleqf)
    __aeabi_fmul                             0x08004749   Thumb Code     0  fmul.o(x$fpl$fmul)
    _fmul                                    0x08004749   Thumb Code   258  fmul.o(x$fpl$fmul)
    __fpl_fnaninf                            0x0800484b   Thumb Code   140  fnaninf.o(x$fpl$fnaninf)
    __fpl_fretinf                            0x080048d7   Thumb Code    10  fretinf.o(x$fpl$fretinf)
    __aeabi_cfrcmple                         0x080048e1   Thumb Code     0  frleqf.o(x$fpl$frleqf)
    _frcmple                                 0x080048e1   Thumb Code    98  frleqf.o(x$fpl$frleqf)
    __aeabi_fsub                             0x08004945   Thumb Code     0  faddsub_clz.o(x$fpl$fsub)
    _fsub                                    0x08004945   Thumb Code   234  faddsub_clz.o(x$fpl$fsub)
    F6x8                                     0x08004a2e   Data         552  oled.o(.constdata)
    __I$use$fp                               0x08004a2e   Number         0  usenofp.o(x$fpl$usenofp)
    F8X16                                    0x08004c56   Data        1520  oled.o(.constdata)
    Region$$Table$$Base                      0x08005258   Number         0  anon$$obj.o(Region$$Table)
    Region$$Table$$Limit                     0x08005278   Number         0  anon$$obj.o(Region$$Table)
    BMP1                                     0x20000000   Data        1024  main.o(.data)
    BMP2                                     0x20000400   Data        1024  main.o(.data)
    setting                                  0x20000800   Data           4  main.o(.data)
    setflag                                  0x20000804   Data           4  main.o(.data)
    OLED_ON                                  0x20000808   Data           4  main.o(.data)
    MOTOR_ON_flag                            0x2000080c   Data           4  main.o(.data)
    length_HC_SR04                           0x20000810   Data           4  main.o(.data)
    SystemCoreClock                          0x20000814   Data           4  system_stm32f10x.o(.data)
    AHBPrescTable                            0x20000818   Data          16  system_stm32f10x.o(.data)
    Hzk                                      0x20000828   Data         448  oled.o(.data)
    pitch                                    0x200009e8   Data           4  timer.o(.data)
    roll                                     0x200009ec   Data           4  timer.o(.data)
    yaw                                      0x200009f0   Data           4  timer.o(.data)
    aacx                                     0x200009f4   Data           2  timer.o(.data)
    aacy                                     0x200009f6   Data           2  timer.o(.data)
    aacz                                     0x200009f8   Data           2  timer.o(.data)
    gyrox                                    0x200009fa   Data           2  timer.o(.data)
    gyroy                                    0x200009fc   Data           2  timer.o(.data)
    gyroz                                    0x200009fe   Data           2  timer.o(.data)
    angle_filter                             0x20000a00   Data           4  timer.o(.data)
    acc_x                                    0x20000a04   Data           4  timer.o(.data)
    gyro_x                                   0x20000a08   Data           4  timer.o(.data)
    acc_y                                    0x20000a0c   Data           4  timer.o(.data)
    gyro_y                                   0x20000a10   Data           4  timer.o(.data)
    acc_z                                    0x20000a14   Data           4  timer.o(.data)
    gyro_z                                   0x20000a18   Data           4  timer.o(.data)
    mid_angle                                0x20000a1c   Data           4  timer.o(.data)
    motor_duty                               0x20000a20   Data           4  timer.o(.data)
    acc_ratio                                0x20000a2c   Data           4  filter.o(.data)
    gyro_ratio                               0x20000a30   Data           4  filter.o(.data)
    dt                                       0x20000a34   Data           4  filter.o(.data)
    msHcCount                                0x20000a40   Data           2  hc_sr04.o(.data)
    xianfu                                   0x20000a44   Data           4  pid.o(.data)
    DAT_L                                    0x20000a48   Data           4  exti.o(.data)
    DAT_R                                    0x20000a4c   Data           4  exti.o(.data)
    exti_dat_L                               0x20000a50   Data           4  exti.o(.data)
    exti_dat_R                               0x20000a54   Data           4  exti.o(.data)
    __stdout                                 0x20000a60   Data           4  usart.o(.data)
    USART_RX_STA                             0x20000a64   Data           2  usart.o(.data)
    angle_kfp                                0x20000a7c   Data          24  filter.o(.bss)
    motor_Loc_PID                            0x20000a94   Data          28  pid.o(.bss)
    motor_Inc_PID                            0x20000ab0   Data          24  pid.o(.bss)
    USART_RX_BUF                             0x20000ac8   Data         200  usart.o(.bss)
    __libspace_start                         0x20000b90   Data          96  libspace.o(.bss)
    __temporary_stack_top$libspace           0x20000bf0   Data           0  libspace.o(.bss)



==============================================================================

Memory Map of the image

  Image Entry point : 0x08000131

  Load Region LR_IROM1 (Base: 0x08000000, Size: 0x00005cf4, Max: 0x00020000, ABSOLUTE, COMPRESSED[0x0000555c])

    Execution Region ER_IROM1 (Exec base: 0x08000000, Load base: 0x08000000, Size: 0x00005278, Max: 0x00020000, ABSOLUTE)

    Exec Addr    Load Addr    Size         Type   Attr      Idx    E Section Name        Object

    0x08000000   0x08000000   0x00000130   Data   RO          465    RESET               startup_stm32f10x_hd.o
    0x08000130   0x08000130   0x00000008   Code   RO          776  * !!!main             c_w.l(__main.o)
    0x08000138   0x08000138   0x00000034   Code   RO         1105    !!!scatter          c_w.l(__scatter.o)
    0x0800016c   0x0800016c   0x00000064   Code   RO         1103    !!dclz77c           c_w.l(__dclz77c.o)
    0x080001d0   0x080001d0   0x0000001c   Code   RO         1107    !!handler_zi        c_w.l(__scatter_zi.o)
    0x080001ec   0x080001ec   0x00000000   Code   RO          769    .ARM.Collect$$_printf_percent$$00000000  c_w.l(_printf_percent.o)
    0x080001ec   0x080001ec   0x00000006   Code   RO          768    .ARM.Collect$$_printf_percent$$00000009  c_w.l(_printf_d.o)
    0x080001f2   0x080001f2   0x00000004   Code   RO          865    .ARM.Collect$$_printf_percent$$00000017  c_w.l(_printf_percent_end.o)
    0x080001f6   0x080001f6   0x00000002   Code   RO          970    .ARM.Collect$$libinit$$00000000  c_w.l(libinit.o)
    0x080001f8   0x080001f8   0x00000000   Code   RO          982    .ARM.Collect$$libinit$$00000002  c_w.l(libinit2.o)
    0x080001f8   0x080001f8   0x00000000   Code   RO          984    .ARM.Collect$$libinit$$00000004  c_w.l(libinit2.o)
    0x080001f8   0x080001f8   0x00000000   Code   RO          987    .ARM.Collect$$libinit$$0000000A  c_w.l(libinit2.o)
    0x080001f8   0x080001f8   0x00000000   Code   RO          989    .ARM.Collect$$libinit$$0000000C  c_w.l(libinit2.o)
    0x080001f8   0x080001f8   0x00000000   Code   RO          991    .ARM.Collect$$libinit$$0000000E  c_w.l(libinit2.o)
    0x080001f8   0x080001f8   0x00000000   Code   RO          994    .ARM.Collect$$libinit$$00000011  c_w.l(libinit2.o)
    0x080001f8   0x080001f8   0x00000000   Code   RO          996    .ARM.Collect$$libinit$$00000013  c_w.l(libinit2.o)
    0x080001f8   0x080001f8   0x00000000   Code   RO          998    .ARM.Collect$$libinit$$00000015  c_w.l(libinit2.o)
    0x080001f8   0x080001f8   0x00000000   Code   RO         1000    .ARM.Collect$$libinit$$00000017  c_w.l(libinit2.o)
    0x080001f8   0x080001f8   0x00000000   Code   RO         1002    .ARM.Collect$$libinit$$00000019  c_w.l(libinit2.o)
    0x080001f8   0x080001f8   0x00000000   Code   RO         1004    .ARM.Collect$$libinit$$0000001B  c_w.l(libinit2.o)
    0x080001f8   0x080001f8   0x00000000   Code   RO         1006    .ARM.Collect$$libinit$$0000001D  c_w.l(libinit2.o)
    0x080001f8   0x080001f8   0x00000000   Code   RO         1008    .ARM.Collect$$libinit$$0000001F  c_w.l(libinit2.o)
    0x080001f8   0x080001f8   0x00000000   Code   RO         1010    .ARM.Collect$$libinit$$00000021  c_w.l(libinit2.o)
    0x080001f8   0x080001f8   0x00000000   Code   RO         1012    .ARM.Collect$$libinit$$00000023  c_w.l(libinit2.o)
    0x080001f8   0x080001f8   0x00000000   Code   RO         1014    .ARM.Collect$$libinit$$00000025  c_w.l(libinit2.o)
    0x080001f8   0x080001f8   0x00000000   Code   RO         1018    .ARM.Collect$$libinit$$0000002C  c_w.l(libinit2.o)
    0x080001f8   0x080001f8   0x00000000   Code   RO         1020    .ARM.Collect$$libinit$$0000002E  c_w.l(libinit2.o)
    0x080001f8   0x080001f8   0x00000000   Code   RO         1022    .ARM.Collect$$libinit$$00000030  c_w.l(libinit2.o)
    0x080001f8   0x080001f8   0x00000000   Code   RO         1024    .ARM.Collect$$libinit$$00000032  c_w.l(libinit2.o)
    0x080001f8   0x080001f8   0x00000002   Code   RO         1025    .ARM.Collect$$libinit$$00000033  c_w.l(libinit2.o)
    0x080001fa   0x080001fa   0x00000002   Code   RO         1055    .ARM.Collect$$libshutdown$$00000000  c_w.l(libshutdown.o)
    0x080001fc   0x080001fc   0x00000000   Code   RO         1069    .ARM.Collect$$libshutdown$$00000002  c_w.l(libshutdown2.o)
    0x080001fc   0x080001fc   0x00000000   Code   RO         1071    .ARM.Collect$$libshutdown$$00000004  c_w.l(libshutdown2.o)
    0x080001fc   0x080001fc   0x00000000   Code   RO         1074    .ARM.Collect$$libshutdown$$00000007  c_w.l(libshutdown2.o)
    0x080001fc   0x080001fc   0x00000000   Code   RO         1077    .ARM.Collect$$libshutdown$$0000000A  c_w.l(libshutdown2.o)
    0x080001fc   0x080001fc   0x00000000   Code   RO         1079    .ARM.Collect$$libshutdown$$0000000C  c_w.l(libshutdown2.o)
    0x080001fc   0x080001fc   0x00000000   Code   RO         1082    .ARM.Collect$$libshutdown$$0000000F  c_w.l(libshutdown2.o)
    0x080001fc   0x080001fc   0x00000002   Code   RO         1083    .ARM.Collect$$libshutdown$$00000010  c_w.l(libshutdown2.o)
    0x080001fe   0x080001fe   0x00000000   Code   RO          852    .ARM.Collect$$rtentry$$00000000  c_w.l(__rtentry.o)
    0x080001fe   0x080001fe   0x00000000   Code   RO          919    .ARM.Collect$$rtentry$$00000002  c_w.l(__rtentry2.o)
    0x080001fe   0x080001fe   0x00000006   Code   RO          931    .ARM.Collect$$rtentry$$00000004  c_w.l(__rtentry4.o)
    0x08000204   0x08000204   0x00000000   Code   RO          921    .ARM.Collect$$rtentry$$00000009  c_w.l(__rtentry2.o)
    0x08000204   0x08000204   0x00000004   Code   RO          922    .ARM.Collect$$rtentry$$0000000A  c_w.l(__rtentry2.o)
    0x08000208   0x08000208   0x00000000   Code   RO          924    .ARM.Collect$$rtentry$$0000000C  c_w.l(__rtentry2.o)
    0x08000208   0x08000208   0x00000008   Code   RO          925    .ARM.Collect$$rtentry$$0000000D  c_w.l(__rtentry2.o)
    0x08000210   0x08000210   0x00000002   Code   RO          975    .ARM.Collect$$rtexit$$00000000  c_w.l(rtexit.o)
    0x08000212   0x08000212   0x00000000   Code   RO         1029    .ARM.Collect$$rtexit$$00000002  c_w.l(rtexit2.o)
    0x08000212   0x08000212   0x00000004   Code   RO         1030    .ARM.Collect$$rtexit$$00000003  c_w.l(rtexit2.o)
    0x08000216   0x08000216   0x00000006   Code   RO         1031    .ARM.Collect$$rtexit$$00000004  c_w.l(rtexit2.o)
    0x0800021c   0x0800021c   0x00000328   Code   RO            1    .text               main.o
    0x08000544   0x08000544   0x0000001a   Code   RO          126    .text               stm32f10x_it.o
    0x0800055e   0x0800055e   0x00000002   PAD
    0x08000560   0x08000560   0x000001e0   Code   RO          158    .text               system_stm32f10x.o
    0x08000740   0x08000740   0x00000488   Code   RO          176    .text               oled.o
    0x08000bc8   0x08000bc8   0x0000026c   Code   RO          195    .text               mpuiic.o
    0x08000e34   0x08000e34   0x0000037c   Code   RO          207    .text               mpu6050.o
    0x080011b0   0x080011b0   0x000002dc   Code   RO          272    .text               timer.o
    0x0800148c   0x0800148c   0x000000fc   Code   RO          291    .text               filter.o
    0x08001588   0x08001588   0x0000005c   Code   RO          310    .text               led.o
    0x080015e4   0x080015e4   0x000000fc   Code   RO          322    .text               bluetooth.o
    0x080016e0   0x080016e0   0x000001bc   Code   RO          337    .text               hc_sr04.o
    0x0800189c   0x0800189c   0x000000bc   Code   RO          352    .text               pid.o
    0x08001958   0x08001958   0x00000134   Code   RO          372    .text               exti.o
    0x08001a8c   0x08001a8c   0x000000f4   Code   RO          390    .text               ec11.o
    0x08001b80   0x08001b80   0x000000d4   Code   RO          403    .text               delay.o
    0x08001c54   0x08001c54   0x0000000c   Code   RO          417    .text               sys.o
    0x08001c60   0x08001c60   0x00000140   Code   RO          429    .text               usart.o
    0x08001da0   0x08001da0   0x00000040   Code   RO          466    .text               startup_stm32f10x_hd.o
    0x08001de0   0x08001de0   0x000000dc   Code   RO          470    .text               misc.o
    0x08001ebc   0x08001ebc   0x0000035c   Code   RO          482    .text               stm32f10x_gpio.o
    0x08002218   0x08002218   0x000003a4   Code   RO          494    .text               stm32f10x_rcc.o
    0x080025bc   0x080025bc   0x00000408   Code   RO          508    .text               stm32f10x_usart.o
    0x080029c4   0x080029c4   0x00000e1a   Code   RO          535    .text               stm32f10x_tim.o
    0x080037de   0x080037de   0x00000002   PAD
    0x080037e0   0x080037e0   0x0000011c   Code   RO          604    .text               stm32f10x_exti.o
    0x080038fc   0x080038fc   0x00000002   Code   RO          708    .text               c_w.l(use_no_semi_2.o)
    0x080038fe   0x080038fe   0x00000002   PAD
    0x08003900   0x08003900   0x00000018   Code   RO          716    .text               c_w.l(noretval__2printf.o)
    0x08003918   0x08003918   0x00000028   Code   RO          718    .text               c_w.l(noretval__2sprintf.o)
    0x08003940   0x08003940   0x00000078   Code   RO          724    .text               c_w.l(_printf_dec.o)
    0x080039b8   0x080039b8   0x00000138   Code   RO          759    .text               c_w.l(__printf_flags_wp.o)
    0x08003af0   0x08003af0   0x00000006   Code   RO          774    .text               c_w.l(heapauxi.o)
    0x08003af6   0x08003af6   0x00000002   Code   RO          850    .text               c_w.l(use_no_semi.o)
    0x08003af8   0x08003af8   0x000000b2   Code   RO          857    .text               c_w.l(_printf_intcommon.o)
    0x08003baa   0x08003baa   0x00000002   PAD
    0x08003bac   0x08003bac   0x00000030   Code   RO          859    .text               c_w.l(_printf_char_common.o)
    0x08003bdc   0x08003bdc   0x0000000a   Code   RO          861    .text               c_w.l(_sputc.o)
    0x08003be6   0x08003be6   0x00000002   PAD
    0x08003be8   0x08003be8   0x00000024   Code   RO          863    .text               c_w.l(_printf_char_file.o)
    0x08003c0c   0x08003c0c   0x00000008   Code   RO          944    .text               c_w.l(ferror.o)
    0x08003c14   0x08003c14   0x00000008   Code   RO          956    .text               c_w.l(libspace.o)
    0x08003c1c   0x08003c1c   0x0000004a   Code   RO          959    .text               c_w.l(sys_stackheap_outer.o)
    0x08003c66   0x08003c66   0x00000012   Code   RO          963    .text               c_w.l(exit.o)
    0x08003c78   0x08003c78   0x0000000e   Code   RO          757    i._is_digit         c_w.l(__printf_wp.o)
    0x08003c86   0x08003c86   0x00000002   PAD
    0x08003c88   0x08003c88   0x00000062   Code   RO          778    x$fpl$d2f           fz_ws.l(d2f.o)
    0x08003cea   0x08003cea   0x00000002   PAD
    0x08003cec   0x08003cec   0x00000150   Code   RO          780    x$fpl$dadd          fz_ws.l(daddsub_clz.o)
    0x08003e3c   0x08003e3c   0x000002b0   Code   RO          787    x$fpl$ddiv          fz_ws.l(ddiv.o)
    0x080040ec   0x080040ec   0x0000002e   Code   RO          791    x$fpl$dflt          fz_ws.l(dflt_clz.o)
    0x0800411a   0x0800411a   0x0000009c   Code   RO          868    x$fpl$dnaninf       fz_ws.l(dnaninf.o)
    0x080041b6   0x080041b6   0x0000000c   Code   RO          870    x$fpl$dretinf       fz_ws.l(dretinf.o)
    0x080041c2   0x080041c2   0x00000002   PAD
    0x080041c4   0x080041c4   0x000001d4   Code   RO          782    x$fpl$dsub          fz_ws.l(daddsub_clz.o)
    0x08004398   0x08004398   0x00000056   Code   RO          798    x$fpl$f2d           fz_ws.l(f2d.o)
    0x080043ee   0x080043ee   0x00000002   PAD
    0x080043f0   0x080043f0   0x000000c4   Code   RO          800    x$fpl$fadd          fz_ws.l(faddsub_clz.o)
    0x080044b4   0x080044b4   0x00000018   Code   RO          872    x$fpl$fcmpinf       fz_ws.l(fcmpi.o)
    0x080044cc   0x080044cc   0x00000184   Code   RO          807    x$fpl$fdiv          fz_ws.l(fdiv.o)
    0x08004650   0x08004650   0x00000036   Code   RO          812    x$fpl$ffix          fz_ws.l(ffix.o)
    0x08004686   0x08004686   0x00000002   PAD
    0x08004688   0x08004688   0x00000030   Code   RO          821    x$fpl$fflt          fz_ws.l(fflt_clz.o)
    0x080046b8   0x080046b8   0x00000026   Code   RO          820    x$fpl$ffltu         fz_ws.l(fflt_clz.o)
    0x080046de   0x080046de   0x00000002   PAD
    0x080046e0   0x080046e0   0x00000068   Code   RO          826    x$fpl$fleqf         fz_ws.l(fleqf.o)
    0x08004748   0x08004748   0x00000102   Code   RO          828    x$fpl$fmul          fz_ws.l(fmul.o)
    0x0800484a   0x0800484a   0x0000008c   Code   RO          874    x$fpl$fnaninf       fz_ws.l(fnaninf.o)
    0x080048d6   0x080048d6   0x0000000a   Code   RO          876    x$fpl$fretinf       fz_ws.l(fretinf.o)
    0x080048e0   0x080048e0   0x00000062   Code   RO          830    x$fpl$frleqf        fz_ws.l(frleqf.o)
    0x08004942   0x08004942   0x00000002   PAD
    0x08004944   0x08004944   0x000000ea   Code   RO          802    x$fpl$fsub          fz_ws.l(faddsub_clz.o)
    0x08004a2e   0x08004a2e   0x00000000   Code   RO          880    x$fpl$usenofp       fz_ws.l(usenofp.o)
    0x08004a2e   0x08004a2e   0x00000818   Data   RO          177    .constdata          oled.o
    0x08005246   0x08005246   0x00000011   Data   RO          760    .constdata          c_w.l(__printf_flags_wp.o)
    0x08005257   0x08005257   0x00000001   PAD
    0x08005258   0x08005258   0x00000020   Data   RO         1101    Region$$Table       anon$$obj.o


    Execution Region RW_IRAM1 (Exec base: 0x20000000, Load base: 0x08005278, Size: 0x000011f0, Max: 0x00005000, ABSOLUTE, COMPRESSED[0x000002e4])

    Exec Addr    Load Addr    Size         Type   Attr      Idx    E Section Name        Object

    0x20000000   COMPRESSED   0x00000814   Data   RW            2    .data               main.o
    0x20000814   COMPRESSED   0x00000014   Data   RW          159    .data               system_stm32f10x.o
    0x20000828   COMPRESSED   0x000001c0   Data   RW          178    .data               oled.o
    0x200009e8   COMPRESSED   0x00000044   Data   RW          273    .data               timer.o
    0x20000a2c   COMPRESSED   0x00000014   Data   RW          293    .data               filter.o
    0x20000a40   COMPRESSED   0x00000002   Data   RW          338    .data               hc_sr04.o
    0x20000a42   COMPRESSED   0x00000002   PAD
    0x20000a44   COMPRESSED   0x00000004   Data   RW          354    .data               pid.o
    0x20000a48   COMPRESSED   0x00000010   Data   RW          373    .data               exti.o
    0x20000a58   COMPRESSED   0x00000001   Data   RW          391    .data               ec11.o
    0x20000a59   COMPRESSED   0x00000001   PAD
    0x20000a5a   COMPRESSED   0x00000004   Data   RW          404    .data               delay.o
    0x20000a5e   COMPRESSED   0x00000002   PAD
    0x20000a60   COMPRESSED   0x00000006   Data   RW          431    .data               usart.o
    0x20000a66   COMPRESSED   0x00000014   Data   RW          495    .data               stm32f10x_rcc.o
    0x20000a7a   COMPRESSED   0x00000002   PAD
    0x20000a7c        -       0x00000018   Zero   RW          292    .bss                filter.o
    0x20000a94        -       0x00000034   Zero   RW          353    .bss                pid.o
    0x20000ac8        -       0x000000c8   Zero   RW          430    .bss                usart.o
    0x20000b90        -       0x00000060   Zero   RW          957    .bss                c_w.l(libspace.o)
    0x20000bf0        -       0x00000200   Zero   RW          464    HEAP                startup_stm32f10x_hd.o
    0x20000df0        -       0x00000400   Zero   RW          463    STACK               startup_stm32f10x_hd.o


==============================================================================

Image component sizes


      Code (inc. data)   RO Data    RW Data    ZI Data      Debug   Object Name

       252         14          0          0          0       1096   bluetooth.o
         0          0          0          0          0         32   core_cm3.o
       212         18          0          4          0       1051   delay.o
       244          8          0          1          0        826   ec11.o
       308         26          0         16          0       1441   exti.o
       252         34          0         20         24       2203   filter.o
       444         18          0          2          0       1762   hc_sr04.o
        92          6          0          0          0        649   led.o
       808        156          0       2068          0     256624   main.o
       220         22          0          0          0       1813   misc.o
       892         30          0          0          0       4403   mpu6050.o
       620         14          0          0          0       2066   mpuiic.o
      1160         16       2072        448          0       4913   oled.o
       188         14          0          4         52       2353   pid.o
        64         26        304          0       1536        804   startup_stm32f10x_hd.o
       284         10          0          0          0       2271   stm32f10x_exti.o
       860         38          0          0          0       5745   stm32f10x_gpio.o
        26          0          0          0          0       1186   stm32f10x_it.o
       932         36          0         20          0       8932   stm32f10x_rcc.o
      3610         88          0          0          0      22856   stm32f10x_tim.o
      1032         22          0          0          0       8472   stm32f10x_usart.o
        12          0          0          0          0        457   sys.o
       480         38          0         20          0       1755   system_stm32f10x.o
       732         60          0         68          0       2486   timer.o
       320         16          0          6        200       3234   usart.o

    ----------------------------------------------------------------------
     14048        710       2408       2684       1812     339430   Object Totals
         0          0         32          0          0          0   (incl. Generated)
         4          0          0          7          0          0   (incl. Padding)

    ----------------------------------------------------------------------

      Code (inc. data)   RO Data    RW Data    ZI Data      Debug   Library Member Name

       100          0          0          0          0          0   __dclz77c.o
         8          0          0          0          0         68   __main.o
       312          4         17          0          0         92   __printf_flags_wp.o
        14          0          0          0          0         68   __printf_wp.o
         0          0          0          0          0          0   __rtentry.o
        12          0          0          0          0          0   __rtentry2.o
         6          0          0          0          0          0   __rtentry4.o
        52          8          0          0          0          0   __scatter.o
        28          0          0          0          0          0   __scatter_zi.o
        48          6          0          0          0         96   _printf_char_common.o
        36          4          0          0          0         80   _printf_char_file.o
         6          0          0          0          0          0   _printf_d.o
       120         16          0          0          0         92   _printf_dec.o
       178          0          0          0          0         88   _printf_intcommon.o
         0          0          0          0          0          0   _printf_percent.o
         4          0          0          0          0          0   _printf_percent_end.o
        10          0          0          0          0         68   _sputc.o
        18          0          0          0          0         80   exit.o
         8          0          0          0          0         68   ferror.o
         6          0          0          0          0        152   heapauxi.o
         2          0          0          0          0          0   libinit.o
         2          0          0          0          0          0   libinit2.o
         2          0          0          0          0          0   libshutdown.o
         2          0          0          0          0          0   libshutdown2.o
         8          4          0          0         96         68   libspace.o
        24          4          0          0          0         84   noretval__2printf.o
        40          6          0          0          0         84   noretval__2sprintf.o
         2          0          0          0          0          0   rtexit.o
        10          0          0          0          0          0   rtexit2.o
        74          0          0          0          0         80   sys_stackheap_outer.o
         2          0          0          0          0         68   use_no_semi.o
         2          0          0          0          0         68   use_no_semi_2.o
        98          4          0          0          0         92   d2f.o
       804         16          0          0          0        272   daddsub_clz.o
       688        140          0          0          0        208   ddiv.o
        46          0          0          0          0         68   dflt_clz.o
       156          4          0          0          0         92   dnaninf.o
        12          0          0          0          0         68   dretinf.o
        86          4          0          0          0         84   f2d.o
       430          8          0          0          0        168   faddsub_clz.o
        24          0          0          0          0         68   fcmpi.o
       388         76          0          0          0         96   fdiv.o
        54          4          0          0          0         84   ffix.o
        86          0          0          0          0        136   fflt_clz.o
       104          4          0          0          0         84   fleqf.o
       258          4          0          0          0         84   fmul.o
       140          4          0          0          0         84   fnaninf.o
        10          0          0          0          0         68   fretinf.o
        98          0          0          0          0         68   frleqf.o
         0          0          0          0          0          0   usenofp.o

    ----------------------------------------------------------------------
      4638        320         18          0         96       3228   Library Totals
        20          0          1          0          0          0   (incl. Padding)

    ----------------------------------------------------------------------

      Code (inc. data)   RO Data    RW Data    ZI Data      Debug   Library Name

      1136         52         17          0         96       1404   c_w.l
      3482        268          0          0          0       1824   fz_ws.l

    ----------------------------------------------------------------------
      4638        320         18          0         96       3228   Library Totals

    ----------------------------------------------------------------------

==============================================================================


      Code (inc. data)   RO Data    RW Data    ZI Data      Debug   

     18686       1030       2426       2684       1908     339222   Grand Totals
     18686       1030       2426        740       1908     339222   ELF Image Totals (compressed)
     18686       1030       2426        740          0          0   ROM Totals

==============================================================================

    Total RO  Size (Code + RO Data)                21112 (  20.62kB)
    Total RW  Size (RW Data + ZI Data)              4592 (   4.48kB)
    Total ROM Size (Code + RO Data + RW Data)      21852 (  21.34kB)

==============================================================================

